Archive member included because of file (symbol)

c:/devkitPro/libnds/lib\libnds9.a(background.o)
                              main.o (bgState)
c:/devkitPro/libnds/lib\libnds9.a(console.o)
                              main.o (consoleDemoInit)
c:/devkitPro/libnds/lib\libnds9.a(keys.o)
                              main.o (scanKeys)
c:/devkitPro/libnds/lib\libnds9.a(trig.o)
                              c:/devkitPro/libnds/lib\libnds9.a(background.o) (sinLerp)
c:/devkitPro/libnds/lib\libnds9.a(initSystem.o)
                              c:/devkitpro/devkitarm/bin/../lib/gcc/arm-none-eabi/4.8.2/../../../../arm-none-eabi/lib/ds_arm9_crt0.o (initSystem)
c:/devkitPro/libnds/lib\libnds9.a(fifosystem.o)
                              c:/devkitPro/libnds/lib\libnds9.a(initSystem.o) (fifoSendValue32)
c:/devkitPro/libnds/lib\libnds9.a(interrupts.o)
                              c:/devkitPro/libnds/lib\libnds9.a(fifosystem.o) (irqSet)
c:/devkitPro/libnds/lib\libnds9.a(libnds_exit.arm.o)
                              c:/devkitpro/devkitarm/bin/../lib/gcc/arm-none-eabi/4.8.2/../../../../arm-none-eabi/lib/ds_arm9_crt0.o (__libnds_exit)
c:/devkitPro/libnds/lib\libnds9.a(mpu_setup.o)
                              c:/devkitpro/devkitarm/bin/../lib/gcc/arm-none-eabi/4.8.2/../../../../arm-none-eabi/lib/ds_arm9_crt0.o (__libnds_mpu_setup)
c:/devkitPro/libnds/lib\libnds9.a(biosCalls.o)
                              c:/devkitPro/libnds/lib\libnds9.a(fifosystem.o) (swiIntrWait)
c:/devkitPro/libnds/lib\libnds9.a(debugprint.o)
                              c:/devkitPro/libnds/lib\libnds9.a(console.o) (nocashWrite)
c:/devkitPro/libnds/lib\libnds9.a(interruptDispatcher.o)
                              c:/devkitPro/libnds/lib\libnds9.a(interrupts.o) (IntrMain)
c:/devkitPro/libnds/lib\libnds9.a(swiSoftReset.o)
                              c:/devkitPro/libnds/lib\libnds9.a(fifosystem.o) (swiSoftReset)
c:/devkitPro/libnds/lib\libnds9.a(default_font.bin.o)
                              c:/devkitPro/libnds/lib\libnds9.a(console.o) (default_font_bin)
c:/devkitPro/libnds/lib\libnds9.a(system.o)
                              c:/devkitPro/libnds/lib\libnds9.a(initSystem.o) (systemMsgHandler)
c:/devkitPro/libnds/lib\libnds9.a(video.o)
                              c:/devkitPro/libnds/lib\libnds9.a(initSystem.o) (vramDefault)
c:/devkitpro/devkitarm/bin/../lib/gcc/arm-none-eabi/4.8.2\libgcc.a(_divsi3.o)
                              c:/devkitPro/libnds/lib\libnds9.a(console.o) (__aeabi_idivmod)
c:/devkitpro/devkitarm/bin/../lib/gcc/arm-none-eabi/4.8.2\libgcc.a(_dvmd_tls.o)
                              c:/devkitpro/devkitarm/bin/../lib/gcc/arm-none-eabi/4.8.2\libgcc.a(_divsi3.o) (__aeabi_idiv0)
c:/devkitpro/devkitarm/bin/../lib/gcc/arm-none-eabi/4.8.2/../../../../arm-none-eabi/lib\libg.a(lib_a-bsearch.o)
                              c:/devkitPro/libnds/lib\libnds9.a(trig.o) (bsearch)
c:/devkitpro/devkitarm/bin/../lib/gcc/arm-none-eabi/4.8.2/../../../../arm-none-eabi/lib\libg.a(lib_a-impure.o)
                              c:/devkitPro/libnds/lib\libnds9.a(console.o) (_impure_ptr)
c:/devkitpro/devkitarm/bin/../lib/gcc/arm-none-eabi/4.8.2/../../../../arm-none-eabi/lib\libg.a(lib_a-init.o)
                              c:/devkitpro/devkitarm/bin/../lib/gcc/arm-none-eabi/4.8.2/../../../../arm-none-eabi/lib/ds_arm9_crt0.o (__libc_init_array)
c:/devkitpro/devkitarm/bin/../lib/gcc/arm-none-eabi/4.8.2/../../../../arm-none-eabi/lib\libg.a(lib_a-iprintf.o)
                              c:/devkitPro/libnds/lib\libnds9.a(console.o) (iprintf)
c:/devkitpro/devkitarm/bin/../lib/gcc/arm-none-eabi/4.8.2/../../../../arm-none-eabi/lib\libg.a(lib_a-memcpy-stub.o)
                              c:/devkitPro/libnds/lib\libnds9.a(console.o) (memcpy)
c:/devkitpro/devkitarm/bin/../lib/gcc/arm-none-eabi/4.8.2/../../../../arm-none-eabi/lib\libg.a(lib_a-memset.o)
                              main.o (memset)
c:/devkitpro/devkitarm/bin/../lib/gcc/arm-none-eabi/4.8.2/../../../../arm-none-eabi/lib\libg.a(lib_a-setvbuf.o)
                              c:/devkitPro/libnds/lib\libnds9.a(console.o) (setvbuf)
c:/devkitpro/devkitarm/bin/../lib/gcc/arm-none-eabi/4.8.2/../../../../arm-none-eabi/lib\libg.a(lib_a-siscanf.o)
                              c:/devkitPro/libnds/lib\libnds9.a(console.o) (siscanf)
c:/devkitpro/devkitarm/bin/../lib/gcc/arm-none-eabi/4.8.2/../../../../arm-none-eabi/lib\libg.a(lib_a-stdio.o)
                              c:/devkitpro/devkitarm/bin/../lib/gcc/arm-none-eabi/4.8.2/../../../../arm-none-eabi/lib\libg.a(lib_a-siscanf.o) (__seofread)
c:/devkitpro/devkitarm/bin/../lib/gcc/arm-none-eabi/4.8.2/../../../../arm-none-eabi/lib\libg.a(lib_a-strlen.o)
                              c:/devkitpro/devkitarm/bin/../lib/gcc/arm-none-eabi/4.8.2/../../../../arm-none-eabi/lib\libg.a(lib_a-siscanf.o) (strlen)
c:/devkitpro/devkitarm/bin/../lib/gcc/arm-none-eabi/4.8.2/../../../../arm-none-eabi/lib\libg.a(lib_a-svfiscanf.o)
[...]
Memory Configuration

Name             Origin             Length             Attributes
rom              0x08000000         0x02000000
ewram            0x02000000         0x003ff000
dtcm             0x0b000000         0x00004000
vectors          0x01000000         0x00000100
itcm             0x01000100         0x00007f00
*default*        0x00000000         0xffffffff

Linker script and memory map

                0x01000000                __vectors_start = ORIGIN (vectors)
                0x01000100                __itcm_start = ORIGIN (itcm)
                0x023ff000                __ewram_end = (ORIGIN (ewram) + 0x3ff000)
                0x023ff000                __eheap_end = (ORIGIN (ewram) + 0x3ff000)
                0x0b000000                __dtcm_start = ORIGIN (dtcm)
                0x0b004000                __dtcm_top = (ORIGIN (dtcm) + 0x4000)
                0x0b003ff8                __irq_flags = (__dtcm_top - 0x8)
                0x0b003ffc                __irq_vector = (__dtcm_top - 0x4)
                0x0b003f00                __sp_svc = (__dtcm_top - 0x100)
                0x0b003e00                __sp_irq = (__sp_svc - 0x100)
                0x0b003d00                __sp_usr = (__sp_irq - 0x100)

.init           0x02000000      0x248
                0x02000000                __text_start = .
 *(.init)
 .init          0x02000000      0x230 c:/devkitpro/devkitarm/bin/../lib/gcc/arm-none-eabi/4.8.2/../../../../arm-none-eabi/lib/ds_arm9_crt0.o
                0x02000000                _start
 .init          0x02000230        0xc c:/devkitpro/devkitarm/bin/../lib/gcc/arm-none-eabi/4.8.2/crti.o
                0x02000230                _init
 .init          0x0200023c        0xc c:/devkitpro/devkitarm/bin/../lib/gcc/arm-none-eabi/4.8.2/crtn.o
                0x02000248                . = ALIGN (0x4)

.plt
 *(.plt)

.text           0x02000250     0xdd80
 *(EXCLUDE_FILE(*.itcm*) .text)
 .text          0x02000250        0x0 c:/devkitpro/devkitarm/bin/../lib/gcc/arm-none-eabi/4.8.2/../../../../arm-none-eabi/lib/ds_arm9_crt0.o
 .text          0x02000250        0x0 c:/devkitpro/devkitarm/bin/../lib/gcc/arm-none-eabi/4.8.2/crti.o
 .text          0x02000250      0x128 c:/devkitpro/devkitarm/bin/../lib/gcc/arm-none-eabi/4.8.2/crtbegin.o
 .text          0x02000378     0x1230 main.o
                0x020003dc                drawChar(unsigned short*, int, int, char, unsigned short, fontsize_t)
                0x0200067c                drawString(unsigned short*, int, int, char*, unsigned short, fontsize_t)
                0x020009a0                clearScreen(unsigned short*)
                0x020009d0                clearScreens(unsigned short*, unsigned short*)
                0x02000a38                drawRect(unsigned short*, int, int, int, int, unsigned short)
                0x02000a80                quickFlashStartOption(unsigned short*)
                0x02000d08                startLoop(unsigned short*, unsigned short*)
                0x020010dc                drawSnake(unsigned short*, Snake)
                0x02001184                drawBackground(unsigned short*, unsigned short*)
                0x020013c8                gameLoop(unsigned short*, unsigned short*)
                0x020015a4                pauseGame(unsigned short*, unsigned short*)
 .text          0x020015a8        0x0 text.o
 .text          0x020015a8      0x334 c:/devkitPro/libnds/lib\libnds9.a(background.o)
                0x020015a8                bgIsText
                0x020015b4                checkIfText
                0x0200160c                bgUpdate
                0x02001710                bgInit_call
                0x020017f0                bgInitSub_call
 .text          0x020018dc      0xa28 c:/devkitPro/libnds/lib\libnds9.a(console.o)
                0x02001988                nocash_write
                0x02001998                consoleGetDefault
                0x020019a4                consoleSelect
                0x020019b4                consoleDebugInit
                0x02001a08                consolePrintChar
                0x02001bd4                consoleLoadFont
                0x02001e64                consoleSetFont
                0x02001e84                consoleInit
                0x02001fec                consoleDemoInit
                0x02002030                con_write
                0x020022d0                consoleClear
                0x020022e0                consoleSetWindow
 .text          0x02002304      0x104 c:/devkitPro/libnds/lib\libnds9.a(keys.o)
                0x02002304                scanKeys
                0x02002378                keysHeld
                0x02002384                keysDown
                0x02002394                keysDownRepeat
                0x020023a4                keysSetRepeat
                0x020023bc                keysUp
                0x020023cc                keysCurrent
 .text          0x02002408      0x240 c:/devkitPro/libnds/lib\libnds9.a(trig.o)
                0x02002408                asinComp
                0x02002430                sinLutLookup
                0x02002468                sinLerp
                0x020024a0                cosLerp
                0x020024b4                tanLutLookup
                0x020024ec                tanLerp
                0x02002590                asinLerp
                0x0200260c                acosLerp
                0x02002620                atanComp
 .text          0x02002648      0x140 c:/devkitPro/libnds/lib\libnds9.a(initSystem.o)
                0x02002648                initSystem
 .text          0x02002788      0xce0 c:/devkitPro/libnds/lib\libnds9.a(fifosystem.o)
                0x02002a00                fifoSendAddress
                0x02002a2c                fifoSendValue32
                0x02002a68                fifoSendDatamsg
                0x02002ad8                fifoGetAddress
                0x02002b4c                fifoSetAddressHandler
                0x02002bc8                fifoGetValue32
                0x02002c3c                fifoSetValue32Handler
                0x02002cb8                fifoGetDatamsg
                0x0200315c                fifoSetDatamsgHandler
                0x02003200                fifoCheckAddress
                0x02003228                fifoCheckDatamsg
                0x02003250                fifoCheckDatamsgLength
                0x02003288                fifoCheckValue32
                0x020032b0                fifoInit
 .text          0x02003468      0x1ec c:/devkitPro/libnds/lib\libnds9.a(interrupts.o)
                0x02003468                irqDummy
                0x0200346c                irqSet
                0x020034d8                irqInit
                0x02003524                irqInitHandler
                0x02003554                irqEnable
                0x020035b8                irqDisable
                0x0200361c                irqClear
 .text          0x02003654       0x58 c:/devkitPro/libnds/lib\libnds9.a(libnds_exit.arm.o)
                0x02003654                systemErrorExit
                0x02003658                __libnds_exit
 .text          0x020036ac      0x1b4 c:/devkitPro/libnds/lib\libnds9.a(mpu_setup.o)
                0x020036ac                __libnds_mpu_setup
                0x020037ec                memCached
                0x02003804                memUncached
 .text          0x02003860       0x70 c:/devkitPro/libnds/lib\libnds9.a(biosCalls.o)
                0x02003860                swiDelay
                0x02003864                swiIntrWait
                0x02003868                swiWaitForVBlank
                0x0200386c                swiSleep
                0x02003870                swiChangeSoundBias
                0x02003874                swiDivide
                0x02003878                swiRemainder
                0x0200387e                swiDivMod
                0x0200388a                swiCopy
                0x0200388e                swiFastCopy
                0x02003892                swiSqrt
                0x02003896                swiCRC16
                0x0200389a                swiIsDebugger
                0x0200389e                swiUnpackBits
                0x020038a2                swiDecompressLZSSWram
                0x020038a6                swiDecompressLZSSVramNTR
                0x020038aa                swiDecompressLZSSVramTWL
                0x020038ae                swiDecompressHuffman
                0x020038b2                swiDecompressRLEWram
                0x020038b6                swiDecompressRLEVram
                0x020038ba                swiWaitForIRQ
                0x020038be                swiDecodeDelta8
                0x020038c2                swiDecodeDelta16
                0x020038c6                swiSetHaltCR
 .text          0x020038d0       0xa4 c:/devkitPro/libnds/lib\libnds9.a(debugprint.o)
                0x020038d0                nocashWrite
                0x020038d2                nocashMessage
 .text          0x02003974        0x0 c:/devkitPro/libnds/lib\libnds9.a(interruptDispatcher.o)
 *fill*         0x02003974        0xc ff
 .text          0x02003980       0x30 c:/devkitPro/libnds/lib\libnds9.a(swiSoftReset.o)
                0x02003980                swiSoftReset
 .text          0x020039b0        0x0 c:/devkitPro/libnds/lib\libnds9.a(default_font.bin.o)
 .text          0x020039b0      0x128 c:/devkitPro/libnds/lib\libnds9.a(system.o)
                0x020039b0                setSDcallback
                0x020039bc                systemMsgHandler
                0x02003a00                systemSleep
                0x02003a18                systemValueHandler
                0x02003a54                powerOn
                0x02003a80                powerOff
                0x02003aa8                ledBlink
                0x02003ab8                getBatteryLevel
 .text          0x02003ad8      0x1f8 c:/devkitPro/libnds/lib\libnds9.a(video.o)
                0x02003ad8                vramSetPrimaryBanks
                0x02003b1c                vramSetMainBanks
                0x02003b60                vramSetBanks_EFG
                0x02003b98                vramRestorePrimaryBanks
                0x02003ba4                vramRestoreMainBanks
                0x02003bb0                vramRestoreBanks_EFG
                0x02003bbc                setBrightness
                0x02003bfc                vramDefault
 .text          0x02003cd0      0x148 c:/devkitpro/devkitarm/bin/../lib/gcc/arm-none-eabi/4.8.2\libgcc.a(_divsi3.o)
                0x02003cd0                __divsi3
                0x02003cd0                __aeabi_idiv
                0x02003df8                __aeabi_idivmod
 .text          0x02003e18        0x4 c:/devkitpro/devkitarm/bin/../lib/gcc/arm-none-eabi/4.8.2\libgcc.a(_dvmd_tls.o)
                0x02003e18                __aeabi_idiv0
                0x02003e18                __aeabi_ldiv0
 .text          0x02003e1c       0x84 c:/devkitpro/devkitarm/bin/../lib/gcc/arm-none-eabi/4.8.2/../../../../arm-none-eabi/lib\libg.a(lib_a-bsearch.o)
                0x02003e1c                bsearch
 .text          0x02003ea0        0x0 c:/devkitpro/devkitarm/bin/../lib/gcc/arm-none-eabi/4.8.2/../../../../arm-none-eabi/lib\libg.a(lib_a-impure.o)
 .text          0x02003ea0       0x88 c:/devkitpro/devkitarm/bin/../lib/gcc/arm-none-eabi/4.8.2/../../../../arm-none-eabi/lib\libg.a(lib_a-init.o)
                0x02003ea0                __libc_init_array
 .text          0x02003f28       0x74 c:/devkitpro/devkitarm/bin/../lib/gcc/arm-none-eabi/4.8.2/../../../../arm-none-eabi/lib\libg.a(lib_a-iprintf.o)
                0x02003f28                iprintf
                0x02003f68                _iprintf_r
 .text          0x02003f9c       0xf0 c:/devkitpro/devkitarm/bin/../lib/gcc/arm-none-eabi/4.8.2/../../../../arm-none-eabi/lib\libg.a(lib_a-memcpy-stub.o)
                0x02003f9c                memcpy
 .text          0x0200408c       0xf4 c:/devkitpro/devkitarm/bin/../lib/gcc/arm-none-eabi/4.8.2/../../../../arm-none-eabi/lib\libg.a(lib_a-memset.o)
                0x0200408c                memset
 .text          0x02004180      0x174 c:/devkitpro/devkitarm/bin/../lib/gcc/arm-none-eabi/4.8.2/../../../../arm-none-eabi/lib\libg.a(lib_a-setvbuf.o)
                0x02004180                setvbuf
 .text          0x020042f4      0x108 c:/devkitpro/devkitarm/bin/../lib/gcc/arm-none-eabi/4.8.2/../../../../arm-none-eabi/lib\libg.a(lib_a-siscanf.o)
                0x020042f4                siscanf
                0x02004378                _siscanf_r
 .text          0x020043fc       0xd8 c:/devkitpro/devkitarm/bin/../lib/gcc/arm-none-eabi/4.8.2/../../../../arm-none-eabi/lib\libg.a(lib_a-stdio.o)
                0x020043fc                __sread
                0x02004430                __seofread
                0x02004438                __swrite
                0x02004490                __sseek
                0x020044c0                __sclose
 .text          0x020044d4       0x60 c:/devkitpro/devkitarm/bin/../lib/gcc/arm-none-eabi/4.8.2/../../../../arm-none-eabi/lib\libg.a(lib_a-strlen.o)
                0x020044d4                strlen
 .text          0x02004534     0x126c c:/devkitpro/devkitarm/bin/../lib/gcc/arm-none-eabi/4.8.2/../../../../arm-none-eabi/lib\libg.a(lib_a-svfiscanf.o)
                0x02004534                _sungetc_r
                0x02004624                __ssrefill_r
                0x0200468c                _sfread_r
                0x02004758                __ssvfiscanf_r
 .text          0x020057a0      0x244 c:/devkitpro/devkitarm/bin/../lib/gcc/arm-none-eabi/4.8.2/../../../../arm-none-eabi/lib\libg.a(lib_a-ungetc.o)
                0x020057a0                __submore
                0x02005850                _ungetc_r
                0x020059cc                ungetc
 .text          0x020059e4     0x17cc c:/devkitpro/devkitarm/bin/../lib/gcc/arm-none-eabi/4.8.2/../../../../arm-none-eabi/lib\libg.a(lib_a-vfiprintf.o)
                0x02005a90                __sprint_r
                0x02005aa8                _vfiprintf_r
                0x020070b8                vfiprintf
 .text          0x020071b0      0x138 c:/devkitpro/devkitarm/bin/../lib/gcc/arm-none-eabi/4.8.2/../../../../arm-none-eabi/lib\libg.a(lib_a-wcrtomb.o)
                0x020071b0                _wcrtomb_r
                0x02007248                wcrtomb
 .text          0x020072e8       0x64 c:/devkitpro/devkitarm/bin/../lib/gcc/arm-none-eabi/4.8.2/../../../../arm-none-eabi/lib\libg.a(lib_a-wcsrtombs.o)
                0x020072e8                _wcsrtombs_r
                0x0200730c                wcsrtombs
 .text          0x0200734c      0x3d4 c:/devkitpro/devkitarm/bin/../lib/gcc/arm-none-eabi/4.8.2/../../../../arm-none-eabi/lib\libg.a(lib_a-wctomb_r.o)
                0x0200734c                __utf8_wctomb
                0x02007464                _wctomb_r
                0x020074b4                __ascii_wctomb
                0x020074e0                __sjis_wctomb
                0x02007570                __eucjp_wctomb
                0x0200763c                __jis_wctomb
 .text          0x02007720      0x15c c:/devkitpro/devkitarm/bin/../lib/gcc/arm-none-eabi/4.8.2/../../../../arm-none-eabi/lib\libg.a(lib_a-wsetup.o)
                0x02007720                __swsetup_r
 .text          0x0200787c       0x18 c:/devkitpro/devkitarm/bin/../lib/gcc/arm-none-eabi/4.8.2/../../../../arm-none-eabi/lib\libg.a(lib_a-ctype_.o)
                0x0200787c                __set_ctype
 .text          0x02007894      0x2d4 c:/devkitpro/devkitarm/bin/../lib/gcc/arm-none-eabi/4.8.2/../../../../arm-none-eabi/lib\libg.a(lib_a-fflush.o)
                0x02007894                __sflush_r
                0x02007ad8                _fflush_r
                0x02007b2c                fflush
 .text          0x02007b68      0x354 c:/devkitpro/devkitarm/bin/../lib/gcc/arm-none-eabi/4.8.2/../../../../arm-none-eabi/lib\libg.a(lib_a-findfp.o)
                0x02007b78                _cleanup_r
                0x02007b90                __sfmoreglue
                0x02007be0                _cleanup
                0x02007c04                __sinit
                0x02007d6c                __sfp
                0x02007e64                __sfp_lock_acquire
                0x02007e68                __sfp_lock_release
                0x02007e6c                __sinit_lock_acquire
                0x02007e70                __sinit_lock_release
                0x02007e74                __fp_lock_all
                0x02007e98                __fp_unlock_all
 .text          0x02007ebc      0x184 c:/devkitpro/devkitarm/bin/../lib/gcc/arm-none-eabi/4.8.2/../../../../arm-none-eabi/lib\libg.a(lib_a-fputwc.o)
                0x02007ebc                _fputwc_r
                0x02007ffc                fputwc
 .text          0x02008040      0x36c c:/devkitpro/devkitarm/bin/../lib/gcc/arm-none-eabi/4.8.2/../../../../arm-none-eabi/lib\libg.a(lib_a-freer.o)
                0x02008040                _malloc_trim_r
                0x02008140                _free_r
 .text          0x020083ac      0x4dc c:/devkitpro/devkitarm/bin/../lib/gcc/arm-none-eabi/4.8.2/../../../../arm-none-eabi/lib\libg.a(lib_a-fvwrite.o)
                0x020083ac                __sfvwrite_r
 .text          0x02008888      0x110 c:/devkitpro/devkitarm/bin/../lib/gcc/arm-none-eabi/4.8.2/../../../../arm-none-eabi/lib\libg.a(lib_a-fwalk.o)
                0x02008888                _fwalk
                0x0200890c                _fwalk_reent
 .text          0x02008998       0x7c c:/devkitpro/devkitarm/bin/../lib/gcc/arm-none-eabi/4.8.2/../../../../arm-none-eabi/lib\libg.a(lib_a-iswspace.o)
                0x02008998                iswspace
 .text          0x02008a14      0x2c8 c:/devkitpro/devkitarm/bin/../lib/gcc/arm-none-eabi/4.8.2/../../../../arm-none-eabi/lib\libg.a(lib_a-jp2uc.o)
                0x02008c60                _jp2uc
 .text          0x02008cdc      0xd94 c:/devkitpro/devkitarm/bin/../lib/gcc/arm-none-eabi/4.8.2/../../../../arm-none-eabi/lib\libg.a(lib_a-locale.o)
                0x020096dc                _setlocale_r
                0x02009a08                __locale_charset
                0x02009a14                __locale_mb_cur_max
                0x02009a24                __locale_msgcharset
                0x02009a30                __locale_cjk_lang
                0x02009a40                _localeconv_r
                0x02009a4c                setlocale
                0x02009a64                localeconv
 .text          0x02009a70      0x174 c:/devkitpro/devkitarm/bin/../lib/gcc/arm-none-eabi/4.8.2/../../../../arm-none-eabi/lib\libg.a(lib_a-makebuf.o)
                0x02009a70                __smakebuf_r
 .text          0x02009be4       0x40 c:/devkitpro/devkitarm/bin/../lib/gcc/arm-none-eabi/4.8.2/../../../../arm-none-eabi/lib\libg.a(lib_a-malloc.o)
                0x02009be4                malloc
                0x02009c04                free
 .text          0x02009c24      0x72c c:/devkitpro/devkitarm/bin/../lib/gcc/arm-none-eabi/4.8.2/../../../../arm-none-eabi/lib\libg.a(lib_a-mallocr.o)
                0x02009c24                _malloc_r
 .text          0x0200a350      0x14c c:/devkitpro/devkitarm/bin/../lib/gcc/arm-none-eabi/4.8.2/../../../../arm-none-eabi/lib\libg.a(lib_a-mbrtowc.o)
                0x0200a350                _mbrtowc_r
                0x0200a3f4                mbrtowc
 .text          0x0200a49c      0x7a4 c:/devkitpro/devkitarm/bin/../lib/gcc/arm-none-eabi/4.8.2/../../../../arm-none-eabi/lib\libg.a(lib_a-mbtowc_r.o)
                0x0200a49c                __utf8_mbtowc
                0x0200a7c0                _mbtowc_r
                0x0200a814                __ascii_mbtowc
                0x0200a860                __sjis_mbtowc
                0x0200a948                __eucjp_mbtowc
                0x0200aa90                __jis_mbtowc
 .text          0x0200ac40      0x114 c:/devkitpro/devkitarm/bin/../lib/gcc/arm-none-eabi/4.8.2/../../../../arm-none-eabi/lib\libg.a(lib_a-memchr-stub.o)
                0x0200ac40                memchr
 .text          0x0200ad54      0x134 c:/devkitpro/devkitarm/bin/../lib/gcc/arm-none-eabi/4.8.2/../../../../arm-none-eabi/lib\libg.a(lib_a-memmove.o)
                0x0200ad54                memmove
 .text          0x0200ae88        0x8 c:/devkitpro/devkitarm/bin/../lib/gcc/arm-none-eabi/4.8.2/../../../../arm-none-eabi/lib\libg.a(lib_a-mlock.o)
                0x0200ae88                __malloc_lock
                0x0200ae8c                __malloc_unlock
 .text          0x0200ae90      0x56c c:/devkitpro/devkitarm/bin/../lib/gcc/arm-none-eabi/4.8.2/../../../../arm-none-eabi/lib\libg.a(lib_a-reallocr.o)
                0x0200ae90                _realloc_r
 .text          0x0200b3fc       0xd4 c:/devkitpro/devkitarm/bin/../lib/gcc/arm-none-eabi/4.8.2/../../../../arm-none-eabi/lib\libg.a(lib_a-sccl.o)
                0x0200b3fc                __sccl
 .text          0x0200b4d0       0x6c c:/devkitpro/devkitarm/bin/../lib/gcc/arm-none-eabi/4.8.2/../../../../arm-none-eabi/lib\libg.a(lib_a-strcasecmp.o)
                0x0200b4d0                strcasecmp
 .text          0x0200b53c       0x9c c:/devkitpro/devkitarm/bin/../lib/gcc/arm-none-eabi/4.8.2/../../../../arm-none-eabi/lib\libg.a(lib_a-strcat.o)
                0x0200b53c                strcat
 .text          0x0200b5d8      0x1c4 c:/devkitpro/devkitarm/bin/../lib/gcc/arm-none-eabi/4.8.2/../../../../arm-none-eabi/lib\libg.a(lib_a-strchr.o)
                0x0200b5d8                strchr
 .text          0x0200b79c      0x230 c:/devkitpro/devkitarm/bin/../lib/gcc/arm-none-eabi/4.8.2/../../../../arm-none-eabi/lib\libg.a(lib_a-strcmp.o)
                0x0200b79c                strcmp
 .text          0x0200b9cc       0xf0 c:/devkitpro/devkitarm/bin/../lib/gcc/arm-none-eabi/4.8.2/../../../../arm-none-eabi/lib\libg.a(lib_a-strcpy.o)
                0x0200b9cc                strcpy
 .text          0x0200babc       0x54 c:/devkitpro/devkitarm/bin/../lib/gcc/arm-none-eabi/4.8.2/../../../../arm-none-eabi/lib\libg.a(lib_a-strlcpy.o)
                0x0200babc                strlcpy
 .text          0x0200bb10       0x8c c:/devkitpro/devkitarm/bin/../lib/gcc/arm-none-eabi/4.8.2/../../../../arm-none-eabi/lib\libg.a(lib_a-strncasecmp.o)
                0x0200bb10                strncasecmp
 .text          0x0200bb9c      0x160 c:/devkitpro/devkitarm/bin/../lib/gcc/arm-none-eabi/4.8.2/../../../../arm-none-eabi/lib\libg.a(lib_a-strncmp.o)
                0x0200bb9c                strncmp
 .text          0x0200bcfc       0xd4 c:/devkitpro/devkitarm/bin/../lib/gcc/arm-none-eabi/4.8.2/../../../../arm-none-eabi/lib\libg.a(lib_a-strncpy.o)
                0x0200bcfc                strncpy
 .text          0x0200bdd0      0x2ac c:/devkitpro/devkitarm/bin/../lib/gcc/arm-none-eabi/4.8.2/../../../../arm-none-eabi/lib\libg.a(lib_a-strtoll_r.o)
                0x0200bdd0                _strtoll_r
 .text          0x0200c07c      0x1f8 c:/devkitpro/devkitarm/bin/../lib/gcc/arm-none-eabi/4.8.2/../../../../arm-none-eabi/lib\libg.a(lib_a-strtol.o)
                0x0200c07c                _strtol_r
                0x0200c24c                strtol
 *fill*         0x0200c274        0x4 ff
 .text          0x0200c278      0x290 c:/devkitpro/devkitarm/bin/../lib/gcc/arm-none-eabi/4.8.2/../../../../arm-none-eabi/lib\libg.a(lib_a-strtoull_r.o)
                0x0200c278                _strtoull_r
 .text          0x0200c508      0x20c c:/devkitpro/devkitarm/bin/../lib/gcc/arm-none-eabi/4.8.2/../../../../arm-none-eabi/lib\libg.a(lib_a-strtoul.o)
                0x0200c508                _strtoul_r
                0x0200c6ec                strtoul
 .text          0x0200c714      0x13c c:/devkitpro/devkitarm/bin/../lib/gcc/arm-none-eabi/4.8.2/../../../../arm-none-eabi/lib\libg.a(lib_a-wbuf.o)
                0x0200c714                __swbuf_r
                0x0200c838                __swbuf
 .text          0x0200c850      0x1fc c:/devkitpro/devkitarm/bin/../lib/gcc/arm-none-eabi/4.8.2/../../../../arm-none-eabi/lib\libg.a(lib_a-wcsnrtombs.o)
                0x0200c850                _wcsnrtombs_r
                0x0200ca04                wcsnrtombs
 .text          0x0200ca4c      0x104 c:/devkitpro/devkitarm/bin/../lib/gcc/arm-none-eabi/4.8.2/../../../../arm-none-eabi/lib\libg.a(lib_a-fclose.o)
                0x0200ca4c                _fclose_r
                0x0200cb3c                fclose
 .text          0x0200cb50       0xf4 c:/devkitpro/devkitarm/bin/../lib/gcc/arm-none-eabi/4.8.2/../../../../arm-none-eabi/lib\libg.a(lib_a-getenv_r.o)
                0x0200cb50                _findenv_r
                0x0200cc28                _getenv_r
 .text          0x0200cc44        0x0 c:/devkitpro/devkitarm/bin/../lib/gcc/arm-none-eabi/4.8.2/../../../../arm-none-eabi/lib\libg.a(lib_a-environ.o)
 .text          0x0200cc44        0x8 c:/devkitpro/devkitarm/bin/../lib/gcc/arm-none-eabi/4.8.2/../../../../arm-none-eabi/lib\libg.a(lib_a-envlock.o)
                0x0200cc44                __env_lock
                0x0200cc48                __env_unlock
 .text          0x0200cc4c      0x1c4 c:/devkitpro/devkitarm/bin/../lib/gcc/arm-none-eabi/4.8.2/../../../../arm-none-eabi/lib\libsysbase.a(iosupport.o)
                0x0200cc4c                setDefaultDevice
                0x0200cc64                FindDevice
                0x0200cd18                RemoveDevice
                0x0200cd48                AddDevice
                0x0200cde8                GetDeviceOpTab
 .text          0x0200ce10       0x74 c:/devkitpro/devkitarm/bin/../lib/gcc/arm-none-eabi/4.8.2/../../../../arm-none-eabi/lib\libsysbase.a(close.o)
                0x0200ce10                _close_r
 .text          0x0200ce84       0x90 c:/devkitpro/devkitarm/bin/../lib/gcc/arm-none-eabi/4.8.2/../../../../arm-none-eabi/lib\libsysbase.a(fstat.o)
                0x0200ce84                _fstat_r
 .text          0x0200cf14        0x8 c:/devkitpro/devkitarm/bin/../lib/gcc/arm-none-eabi/4.8.2/../../../../arm-none-eabi/lib\libsysbase.a(isatty.o)
                0x0200cf14                _isatty_r
 .text          0x0200cf1c       0x90 c:/devkitpro/devkitarm/bin/../lib/gcc/arm-none-eabi/4.8.2/../../../../arm-none-eabi/lib\libsysbase.a(lseek.o)
                0x0200cf1c                _lseek_r
 .text          0x0200cfac       0x90 c:/devkitpro/devkitarm/bin/../lib/gcc/arm-none-eabi/4.8.2/../../../../arm-none-eabi/lib\libsysbase.a(read.o)
                0x0200cfac                _read_r
 .text          0x0200d03c       0x74 c:/devkitpro/devkitarm/bin/../lib/gcc/arm-none-eabi/4.8.2/../../../../arm-none-eabi/lib\libsysbase.a(sbrk.o)
                0x0200d03c                _sbrk_r
 .text          0x0200d0b0       0x64 c:/devkitpro/devkitarm/bin/../lib/gcc/arm-none-eabi/4.8.2/../../../../arm-none-eabi/lib\libsysbase.a(times.o)
                0x0200d0b0                _times
                0x0200d0cc                _times_r
                0x0200d0d4                _gettimeofday_r
 .text          0x0200d114       0x94 c:/devkitpro/devkitarm/bin/../lib/gcc/arm-none-eabi/4.8.2/../../../../arm-none-eabi/lib\libsysbase.a(write.o)
                0x0200d114                _write_r
 .text          0x0200d1a8        0x0 c:/devkitpro/devkitarm/bin/../lib/gcc/arm-none-eabi/4.8.2/../../../../arm-none-eabi/lib\libsysbase.a(malloc_vars.o)
 .text          0x0200d1a8       0x94 c:/devkitpro/devkitarm/bin/../lib/gcc/arm-none-eabi/4.8.2/../../../../arm-none-eabi/lib\libsysbase.a(build_argv.o)
                0x0200d1a8                build_argv
 .text          0x0200d23c        0x0 c:/devkitpro/devkitarm/bin/../lib/gcc/arm-none-eabi/4.8.2/../../../../arm-none-eabi/lib\libsysbase.a(syscall_support.o)
 .text          0x0200d23c       0xb0 c:/devkitpro/devkitarm/bin/../lib/gcc/arm-none-eabi/4.8.2/../../../../arm-none-eabi/lib\libsysbase.a(handle_manager.o)
                0x0200d23c                __release_handle
                0x0200d274                __alloc_handle
                0x0200d2d0                __get_handle
 .text          0x0200d2ec      0x114 c:/devkitpro/devkitarm/bin/../lib/gcc/arm-none-eabi/4.8.2\libgcc.a(_udivsi3.o)
                0x0200d2ec                __aeabi_uidiv
                0x0200d2ec                __udivsi3
                0x0200d3e0                __aeabi_uidivmod
 .text          0x0200d400       0x3c c:/devkitpro/devkitarm/bin/../lib/gcc/arm-none-eabi/4.8.2\libgcc.a(_aeabi_uldivmod.o)
                0x0200d400                __aeabi_uldivmod
 .text          0x0200d43c       0x84 c:/devkitpro/devkitarm/bin/../lib/gcc/arm-none-eabi/4.8.2\libgcc.a(bpabi.o)
                0x0200d43c                __gnu_ldivmod_helper
                0x0200d480                __gnu_uldivmod_helper
 .text          0x0200d4c0      0x4d0 c:/devkitpro/devkitarm/bin/../lib/gcc/arm-none-eabi/4.8.2\libgcc.a(_divdi3.o)
                0x0200d4c0                __divdi3
 .text          0x0200d990      0x470 c:/devkitpro/devkitarm/bin/../lib/gcc/arm-none-eabi/4.8.2\libgcc.a(_udivdi3.o)
                0x0200d990                __udivdi3
 .text          0x0200de00       0x48 c:/devkitpro/devkitarm/bin/../lib/gcc/arm-none-eabi/4.8.2\libgcc.a(_clzsi2.o)
                0x0200de00                __clzsi2
 .text          0x0200de48       0x10 c:/devkitpro/devkitarm/bin/../lib/gcc/arm-none-eabi/4.8.2/../../../../arm-none-eabi/lib\libg.a(lib_a-errno.o)
                0x0200de48                __errno
 .text          0x0200de58        0x0 c:/devkitpro/devkitarm/bin/../lib/gcc/arm-none-eabi/4.8.2/crtend.o
 .text          0x0200de58        0x0 c:/devkitpro/devkitarm/bin/../lib/gcc/arm-none-eabi/4.8.2/crtn.o
 *(.text.*)
 .text.startup  0x0200de58       0xc4 main.o
                0x0200de58                main
 *fill*         0x0200df1c        0x4 ff
 .text.startup.__stub
                0x0200df20       0x94 linker stubs
 *(.stub)
 *(.gnu.warning)
 *(.gnu.linkonce.t*)
 *(.glue_7)
 .glue_7        0x00000000        0x0 linker stubs
 *(.glue_7t)
 .glue_7t       0x00000000        0x0 linker stubs
                0x0200dfb4                . = ALIGN (0x4)

.vfp11_veneer   0x0200dfd0        0x0
 .vfp11_veneer  0x00000000        0x0 linker stubs

.v4_bx          0x0200dfd0        0x0
 .v4_bx         0x00000000        0x0 linker stubs

.iplt           0x0200dfd0        0x0
 .iplt          0x00000000        0x0 c:/devkitpro/devkitarm/bin/../lib/gcc/arm-none-eabi/4.8.2/../../../../arm-none-eabi/lib/ds_arm9_crt0.o

.fini           0x0200dfd0       0x18
 *(.fini)
 .fini          0x0200dfd0        0xc c:/devkitpro/devkitarm/bin/../lib/gcc/arm-none-eabi/4.8.2/crti.o
                0x0200dfd0                _fini
 .fini          0x0200dfdc        0xc c:/devkitpro/devkitarm/bin/../lib/gcc/arm-none-eabi/4.8.2/crtn.o
                0x0200dfe8                __text_end = .

.rodata         0x0200dfe8     0x624c
 *(.rodata)
 .rodata        0x0200dfe8      0x444 text.o
                0x0200dfe8                text_bits
 .rodata        0x0200e42c      0x200 c:/devkitPro/libnds/lib\libnds9.a(console.o)
 .rodata        0x0200e62c      0x308 c:/devkitPro/libnds/lib\libnds9.a(trig.o)
                0x0200e62c                SIN_LUT
                0x0200e730                TAN_LUT
 .rodata        0x0200e934     0x2004 c:/devkitPro/libnds/lib\libnds9.a(default_font.bin.o)
                0x0200e934                default_font_bin
                0x02010934                default_font_bin_size
                0x02010934                default_font_bin_end
 .rodata        0x02010938        0x4 c:/devkitpro/devkitarm/bin/../lib/gcc/arm-none-eabi/4.8.2/../../../../arm-none-eabi/lib\libg.a(lib_a-impure.o)
                0x02010938                _global_impure_ptr
 .rodata        0x0201093c       0x24 c:/devkitpro/devkitarm/bin/../lib/gcc/arm-none-eabi/4.8.2/../../../../arm-none-eabi/lib\libg.a(lib_a-svfiscanf.o)
 .rodata        0x02010960       0x20 c:/devkitpro/devkitarm/bin/../lib/gcc/arm-none-eabi/4.8.2/../../../../arm-none-eabi/lib\libg.a(lib_a-vfiprintf.o)
 .rodata        0x02010980      0x104 c:/devkitpro/devkitarm/bin/../lib/gcc/arm-none-eabi/4.8.2/../../../../arm-none-eabi/lib\libg.a(lib_a-ctype_.o)
                0x02010980                _ctype_
 .rodata        0x02010a84     0x34d0 c:/devkitpro/devkitarm/bin/../lib/gcc/arm-none-eabi/4.8.2/../../../../arm-none-eabi/lib\libg.a(lib_a-jp2uc.o)
 .rodata        0x02013f54       0x1c c:/devkitpro/devkitarm/bin/../lib/gcc/arm-none-eabi/4.8.2/../../../../arm-none-eabi/lib\libg.a(lib_a-locale.o)
 .rodata        0x02013f70       0x90 c:/devkitpro/devkitarm/bin/../lib/gcc/arm-none-eabi/4.8.2/../../../../arm-none-eabi/lib\libg.a(lib_a-mbtowc_r.o)
 .rodata        0x02014000       0x64 c:/devkitpro/devkitarm/bin/../lib/gcc/arm-none-eabi/4.8.2/../../../../arm-none-eabi/lib\libsysbase.a(iosupport.o)
                0x02014000                dotab_stdnull
 *all.rodata*(*)
 *(.roda)
 *(.rodata.*)
 .rodata.str1.4
                0x02014064       0x1d main.o
                                 0x20 (size before relaxing)
 *fill*         0x02014081        0x3 ff
 .rodata.str1.4
                0x02014084       0x4c c:/devkitPro/libnds/lib\libnds9.a(console.o)
 .rodata.str1.4
                0x020140d0        0x2 c:/devkitpro/devkitarm/bin/../lib/gcc/arm-none-eabi/4.8.2/../../../../arm-none-eabi/lib\libg.a(lib_a-impure.o)
                                  0x4 (size before relaxing)
 *fill*         0x020140d2        0x2 ff
 .rodata.str1.4
                0x020140d4       0x2f c:/devkitpro/devkitarm/bin/../lib/gcc/arm-none-eabi/4.8.2/../../../../arm-none-eabi/lib\libg.a(lib_a-vfiprintf.o)
                                 0x30 (size before relaxing)
 *fill*         0x02014103        0x1 ff
 .rodata.str1.4
                0x02014104       0x12 c:/devkitpro/devkitarm/bin/../lib/gcc/arm-none-eabi/4.8.2/../../../../arm-none-eabi/lib\libg.a(lib_a-jp2uc.o)
                                 0x14 (size before relaxing)
 *fill*         0x02014116        0x2 ff
 .rodata.str1.4
                0x02014118      0x112 c:/devkitpro/devkitarm/bin/../lib/gcc/arm-none-eabi/4.8.2/../../../../arm-none-eabi/lib\libg.a(lib_a-locale.o)
                                0x130 (size before relaxing)
 .rodata.str1.4
                0x00000000        0x4 c:/devkitpro/devkitarm/bin/../lib/gcc/arm-none-eabi/4.8.2/../../../../arm-none-eabi/lib\libg.a(lib_a-mbrtowc.o)
 *fill*         0x0201422a        0x2 ff
 .rodata.str1.4
                0x0201422c        0x8 c:/devkitpro/devkitarm/bin/../lib/gcc/arm-none-eabi/4.8.2/../../../../arm-none-eabi/lib\libsysbase.a(iosupport.o)
 *(.gnu.linkonce.r*)
                0x02014234                . = ALIGN (0x4)

.rel.dyn        0x02014234        0x0
 .rel.iplt      0x00000000        0x0 c:/devkitpro/devkitarm/bin/../lib/gcc/arm-none-eabi/4.8.2/../../../../arm-none-eabi/lib/ds_arm9_crt0.o

.ARM.extab
 *(.ARM.extab* .gnu.linkonce.armextab.*)
                0x02014234                __exidx_start = .

ARM.exidx
 *(.ARM.exidx* .gnu.linkonce.armexidx.*)
                0x02014234                __exidx_end = .
                0x02014234                . = ALIGN (0x4)
                0x02014234                PROVIDE (__preinit_array_start, .)

.preinit_array
 *(.preinit_array)
                0x02014234                PROVIDE (__preinit_array_end, .)
                0x02014234                PROVIDE (__init_array_start, .)

.init_array     0x02014234        0x4
 *(SORT(.init_array.*))
 *(.init_array)
 .init_array    0x02014234        0x4 c:/devkitpro/devkitarm/bin/../lib/gcc/arm-none-eabi/4.8.2/crtbegin.o
                0x02014238                PROVIDE (__init_array_end, .)
                0x02014238                PROVIDE (__fini_array_start, .)

.fini_array     0x02014238        0x4
 *(.fini_array)
 .fini_array    0x02014238        0x4 c:/devkitpro/devkitarm/bin/../lib/gcc/arm-none-eabi/4.8.2/crtbegin.o
 *(SORT(.fini_array.*))
                0x0201423c                PROVIDE (__fini_array_end, .)

.ctors          0x0201423c        0x0
 *crtbegin.o(.ctors)
 *(EXCLUDE_FILE(*crtend.o) .ctors)
 *(SORT(.ctors.*))
 *(.ctors)
                0x0201423c                . = ALIGN (0x4)

.dtors          0x0201423c        0x0
 *crtbegin.o(.dtors)
 *(EXCLUDE_FILE(*crtend.o) .dtors)
 *(SORT(.dtors.*))
 *(.dtors)
                0x0201423c                . = ALIGN (0x4)

.eh_frame       0x0201423c        0x4
 *(.eh_frame)
 .eh_frame      0x0201423c        0x0 c:/devkitpro/devkitarm/bin/../lib/gcc/arm-none-eabi/4.8.2/crtbegin.o
 .eh_frame      0x0201423c        0x4 c:/devkitpro/devkitarm/bin/../lib/gcc/arm-none-eabi/4.8.2/crtend.o
                0x02014240                . = ALIGN (0x4)

.gcc_except_table
                0x02014240        0x0
 *(.gcc_except_table)
                0x02014240                . = ALIGN (0x4)

.jcr            0x02014240        0x4
 *(.jcr)
 .jcr           0x02014240        0x0 c:/devkitpro/devkitarm/bin/../lib/gcc/arm-none-eabi/4.8.2/crtbegin.o
 .jcr           0x02014240        0x4 c:/devkitpro/devkitarm/bin/../lib/gcc/arm-none-eabi/4.8.2/crtend.o

.got
 *(.got.plt)
 *(.got)
 *(.rel.got)

.ewram          0x02014244        0x0
                0x02014244                __ewram_start = ABSOLUTE (.)
 *(.ewram)
 *ewram.*(.text)
                0x02014244                . = ALIGN (0x4)

.data           0x02014244      0xaec
                0x02014244                __data_start = ABSOLUTE (.)
 *(.data)
 .data          0x02014244        0x0 c:/devkitpro/devkitarm/bin/../lib/gcc/arm-none-eabi/4.8.2/../../../../arm-none-eabi/lib/ds_arm9_crt0.o
 .data          0x02014244        0x0 c:/devkitpro/devkitarm/bin/../lib/gcc/arm-none-eabi/4.8.2/crti.o
 .data          0x02014244        0x4 c:/devkitpro/devkitarm/bin/../lib/gcc/arm-none-eabi/4.8.2/crtbegin.o
                0x02014244                __dso_handle
 .data          0x02014248        0x0 main.o
 .data          0x02014248        0x0 text.o
 .data          0x02014248       0x60 c:/devkitPro/libnds/lib\libnds9.a(background.o)
                0x02014248                bgScrollTable
                0x02014268                bgTransform
                0x02014288                bgControl
 .data          0x020142a8       0x64 c:/devkitPro/libnds/lib\libnds9.a(console.o)
                0x020142a8                currentConsole
                0x020142ac                defaultConsole
 .data          0x0201430c        0x3 c:/devkitPro/libnds/lib\libnds9.a(keys.o)
 .data          0x0201430f        0x0 c:/devkitPro/libnds/lib\libnds9.a(trig.o)
 .data          0x0201430f        0x0 c:/devkitPro/libnds/lib\libnds9.a(initSystem.o)
 *fill*         0x0201430f        0x1 ff
 .data          0x02014310       0x10 c:/devkitPro/libnds/lib\libnds9.a(fifosystem.o)
                0x02014310                fifo_buffer_free
                0x02014314                fifo_freewords
                0x02014318                fifo_send_queue
                0x0201431c                fifo_receive_queue
 .data          0x02014320        0x0 c:/devkitPro/libnds/lib\libnds9.a(interrupts.o)
 .data          0x02014320        0x0 c:/devkitPro/libnds/lib\libnds9.a(libnds_exit.arm.o)
 .data          0x02014320        0x0 c:/devkitPro/libnds/lib\libnds9.a(mpu_setup.o)
 .data          0x02014320        0x0 c:/devkitPro/libnds/lib\libnds9.a(biosCalls.o)
 .data          0x02014320        0x0 c:/devkitPro/libnds/lib\libnds9.a(debugprint.o)
 .data          0x02014320        0x0 c:/devkitPro/libnds/lib\libnds9.a(interruptDispatcher.o)
 .data          0x02014320        0x0 c:/devkitPro/libnds/lib\libnds9.a(swiSoftReset.o)
 .data          0x02014320        0x0 c:/devkitPro/libnds/lib\libnds9.a(default_font.bin.o)
 .data          0x02014320        0x0 c:/devkitPro/libnds/lib\libnds9.a(system.o)
 .data          0x02014320        0x0 c:/devkitPro/libnds/lib\libnds9.a(video.o)
 .data          0x02014320        0x0 c:/devkitpro/devkitarm/bin/../lib/gcc/arm-none-eabi/4.8.2\libgcc.a(_divsi3.o)
 .data          0x02014320        0x0 c:/devkitpro/devkitarm/bin/../lib/gcc/arm-none-eabi/4.8.2\libgcc.a(_dvmd_tls.o)
 .data          0x02014320        0x0 c:/devkitpro/devkitarm/bin/../lib/gcc/arm-none-eabi/4.8.2/../../../../arm-none-eabi/lib\libg.a(lib_a-bsearch.o)
 *fill*         0x02014320        0x0 ff
 .data          0x02014320      0x430 c:/devkitpro/devkitarm/bin/../lib/gcc/arm-none-eabi/4.8.2/../../../../arm-none-eabi/lib\libg.a(lib_a-impure.o)
                0x02014320                _impure_ptr
 .data          0x02014750        0x0 c:/devkitpro/devkitarm/bin/../lib/gcc/arm-none-eabi/4.8.2/../../../../arm-none-eabi/lib\libg.a(lib_a-init.o)
 .data          0x02014750        0x0 c:/devkitpro/devkitarm/bin/../lib/gcc/arm-none-eabi/4.8.2/../../../../arm-none-eabi/lib\libg.a(lib_a-iprintf.o)
 .data          0x02014750        0x0 c:/devkitpro/devkitarm/bin/../lib/gcc/arm-none-eabi/4.8.2/../../../../arm-none-eabi/lib\libg.a(lib_a-memcpy-stub.o)
 .data          0x02014750        0x0 c:/devkitpro/devkitarm/bin/../lib/gcc/arm-none-eabi/4.8.2/../../../../arm-none-eabi/lib\libg.a(lib_a-memset.o)
 .data          0x02014750        0x0 c:/devkitpro/devkitarm/bin/../lib/gcc/arm-none-eabi/4.8.2/../../../../arm-none-eabi/lib\libg.a(lib_a-setvbuf.o)
 .data          0x02014750        0x0 c:/devkitpro/devkitarm/bin/../lib/gcc/arm-none-eabi/4.8.2/../../../../arm-none-eabi/lib\libg.a(lib_a-siscanf.o)
 .data          0x02014750        0x0 c:/devkitpro/devkitarm/bin/../lib/gcc/arm-none-eabi/4.8.2/../../../../arm-none-eabi/lib\libg.a(lib_a-stdio.o)
 .data          0x02014750        0x0 c:/devkitpro/devkitarm/bin/../lib/gcc/arm-none-eabi/4.8.2/../../../../arm-none-eabi/lib\libg.a(lib_a-strlen.o)
 .data          0x02014750        0x0 c:/devkitpro/devkitarm/bin/../lib/gcc/arm-none-eabi/4.8.2/../../../../arm-none-eabi/lib\libg.a(lib_a-svfiscanf.o)
 .data          0x02014750        0x0 c:/devkitpro/devkitarm/bin/../lib/gcc/arm-none-eabi/4.8.2/../../../../arm-none-eabi/lib\libg.a(lib_a-ungetc.o)
 .data          0x02014750        0x0 c:/devkitpro/devkitarm/bin/../lib/gcc/arm-none-eabi/4.8.2/../../../../arm-none-eabi/lib\libg.a(lib_a-vfiprintf.o)
 .data          0x02014750        0x0 c:/devkitpro/devkitarm/bin/../lib/gcc/arm-none-eabi/4.8.2/../../../../arm-none-eabi/lib\libg.a(lib_a-wcrtomb.o)
 .data          0x02014750        0x0 c:/devkitpro/devkitarm/bin/../lib/gcc/arm-none-eabi/4.8.2/../../../../arm-none-eabi/lib\libg.a(lib_a-wcsrtombs.o)
 .data          0x02014750        0x4 c:/devkitpro/devkitarm/bin/../lib/gcc/arm-none-eabi/4.8.2/../../../../arm-none-eabi/lib\libg.a(lib_a-wctomb_r.o)
                0x02014750                __wctomb
 .data          0x02014754        0x0 c:/devkitpro/devkitarm/bin/../lib/gcc/arm-none-eabi/4.8.2/../../../../arm-none-eabi/lib\libg.a(lib_a-wsetup.o)
 .data          0x02014754        0x4 c:/devkitpro/devkitarm/bin/../lib/gcc/arm-none-eabi/4.8.2/../../../../arm-none-eabi/lib\libg.a(lib_a-ctype_.o)
                0x02014754                __ctype_ptr__
 .data          0x02014758        0x0 c:/devkitpro/devkitarm/bin/../lib/gcc/arm-none-eabi/4.8.2/../../../../arm-none-eabi/lib\libg.a(lib_a-fflush.o)
 .data          0x02014758        0x0 c:/devkitpro/devkitarm/bin/../lib/gcc/arm-none-eabi/4.8.2/../../../../arm-none-eabi/lib\libg.a(lib_a-findfp.o)
 .data          0x02014758        0x0 c:/devkitpro/devkitarm/bin/../lib/gcc/arm-none-eabi/4.8.2/../../../../arm-none-eabi/lib\libg.a(lib_a-fputwc.o)
 .data          0x02014758        0x0 c:/devkitpro/devkitarm/bin/../lib/gcc/arm-none-eabi/4.8.2/../../../../arm-none-eabi/lib\libg.a(lib_a-freer.o)
 .data          0x02014758        0x0 c:/devkitpro/devkitarm/bin/../lib/gcc/arm-none-eabi/4.8.2/../../../../arm-none-eabi/lib\libg.a(lib_a-fvwrite.o)
 .data          0x02014758        0x0 c:/devkitpro/devkitarm/bin/../lib/gcc/arm-none-eabi/4.8.2/../../../../arm-none-eabi/lib\libg.a(lib_a-fwalk.o)
 .data          0x02014758        0x0 c:/devkitpro/devkitarm/bin/../lib/gcc/arm-none-eabi/4.8.2/../../../../arm-none-eabi/lib\libg.a(lib_a-iswspace.o)
 .data          0x02014758        0x0 c:/devkitpro/devkitarm/bin/../lib/gcc/arm-none-eabi/4.8.2/../../../../arm-none-eabi/lib\libg.a(lib_a-jp2uc.o)
 .data          0x02014758      0x17c c:/devkitpro/devkitarm/bin/../lib/gcc/arm-none-eabi/4.8.2/../../../../arm-none-eabi/lib\libg.a(lib_a-locale.o)
                0x02014758                __default_locale
                0x02014878                __mb_cur_max
 .data          0x020148d4        0x0 c:/devkitpro/devkitarm/bin/../lib/gcc/arm-none-eabi/4.8.2/../../../../arm-none-eabi/lib\libg.a(lib_a-makebuf.o)
 .data          0x020148d4        0x0 c:/devkitpro/devkitarm/bin/../lib/gcc/arm-none-eabi/4.8.2/../../../../arm-none-eabi/lib\libg.a(lib_a-malloc.o)
 .data          0x020148d4      0x410 c:/devkitpro/devkitarm/bin/../lib/gcc/arm-none-eabi/4.8.2/../../../../arm-none-eabi/lib\libg.a(lib_a-mallocr.o)
                0x020148d4                __malloc_av_
                0x02014cdc                __malloc_sbrk_base
                0x02014ce0                __malloc_trim_threshold
 .data          0x02014ce4        0x0 c:/devkitpro/devkitarm/bin/../lib/gcc/arm-none-eabi/4.8.2/../../../../arm-none-eabi/lib\libg.a(lib_a-mbrtowc.o)
 .data          0x02014ce4        0x4 c:/devkitpro/devkitarm/bin/../lib/gcc/arm-none-eabi/4.8.2/../../../../arm-none-eabi/lib\libg.a(lib_a-mbtowc_r.o)
                0x02014ce4                __mbtowc
 .data          0x02014ce8        0x0 c:/devkitpro/devkitarm/bin/../lib/gcc/arm-none-eabi/4.8.2/../../../../arm-none-eabi/lib\libg.a(lib_a-memchr-stub.o)
 .data          0x02014ce8        0x0 c:/devkitpro/devkitarm/bin/../lib/gcc/arm-none-eabi/4.8.2/../../../../arm-none-eabi/lib\libg.a(lib_a-memmove.o)
 .data          0x02014ce8        0x0 c:/devkitpro/devkitarm/bin/../lib/gcc/arm-none-eabi/4.8.2/../../../../arm-none-eabi/lib\libg.a(lib_a-mlock.o)
 .data          0x02014ce8        0x0 c:/devkitpro/devkitarm/bin/../lib/gcc/arm-none-eabi/4.8.2/../../../../arm-none-eabi/lib\libg.a(lib_a-reallocr.o)
 .data          0x02014ce8        0x0 c:/devkitpro/devkitarm/bin/../lib/gcc/arm-none-eabi/4.8.2/../../../../arm-none-eabi/lib\libg.a(lib_a-sccl.o)
 .data          0x02014ce8        0x0 c:/devkitpro/devkitarm/bin/../lib/gcc/arm-none-eabi/4.8.2/../../../../arm-none-eabi/lib\libg.a(lib_a-strcasecmp.o)
 .data          0x02014ce8        0x0 c:/devkitpro/devkitarm/bin/../lib/gcc/arm-none-eabi/4.8.2/../../../../arm-none-eabi/lib\libg.a(lib_a-strcat.o)
 .data          0x02014ce8        0x0 c:/devkitpro/devkitarm/bin/../lib/gcc/arm-none-eabi/4.8.2/../../../../arm-none-eabi/lib\libg.a(lib_a-strchr.o)
 .data          0x02014ce8        0x0 c:/devkitpro/devkitarm/bin/../lib/gcc/arm-none-eabi/4.8.2/../../../../arm-none-eabi/lib\libg.a(lib_a-strcmp.o)
 .data          0x02014ce8        0x0 c:/devkitpro/devkitarm/bin/../lib/gcc/arm-none-eabi/4.8.2/../../../../arm-none-eabi/lib\libg.a(lib_a-strcpy.o)
 .data          0x02014ce8        0x0 c:/devkitpro/devkitarm/bin/../lib/gcc/arm-none-eabi/4.8.2/../../../../arm-none-eabi/lib\libg.a(lib_a-strlcpy.o)
 .data          0x02014ce8        0x0 c:/devkitpro/devkitarm/bin/../lib/gcc/arm-none-eabi/4.8.2/../../../../arm-none-eabi/lib\libg.a(lib_a-strncasecmp.o)
 .data          0x02014ce8        0x0 c:/devkitpro/devkitarm/bin/../lib/gcc/arm-none-eabi/4.8.2/../../../../arm-none-eabi/lib\libg.a(lib_a-strncmp.o)
 .data          0x02014ce8        0x0 c:/devkitpro/devkitarm/bin/../lib/gcc/arm-none-eabi/4.8.2/../../../../arm-none-eabi/lib\libg.a(lib_a-strncpy.o)
 .data          0x02014ce8        0x0 c:/devkitpro/devkitarm/bin/../lib/gcc/arm-none-eabi/4.8.2/../../../../arm-none-eabi/lib\libg.a(lib_a-strtoll_r.o)
 .data          0x02014ce8        0x0 c:/devkitpro/devkitarm/bin/../lib/gcc/arm-none-eabi/4.8.2/../../../../arm-none-eabi/lib\libg.a(lib_a-strtol.o)
 .data          0x02014ce8        0x0 c:/devkitpro/devkitarm/bin/../lib/gcc/arm-none-eabi/4.8.2/../../../../arm-none-eabi/lib\libg.a(lib_a-strtoull_r.o)
 .data          0x02014ce8        0x0 c:/devkitpro/devkitarm/bin/../lib/gcc/arm-none-eabi/4.8.2/../../../../arm-none-eabi/lib\libg.a(lib_a-strtoul.o)
 .data          0x02014ce8        0x0 c:/devkitpro/devkitarm/bin/../lib/gcc/arm-none-eabi/4.8.2/../../../../arm-none-eabi/lib\libg.a(lib_a-wbuf.o)
 .data          0x02014ce8        0x0 c:/devkitpro/devkitarm/bin/../lib/gcc/arm-none-eabi/4.8.2/../../../../arm-none-eabi/lib\libg.a(lib_a-wcsnrtombs.o)
 .data          0x02014ce8        0x0 c:/devkitpro/devkitarm/bin/../lib/gcc/arm-none-eabi/4.8.2/../../../../arm-none-eabi/lib\libg.a(lib_a-fclose.o)
 .data          0x02014ce8        0x0 c:/devkitpro/devkitarm/bin/../lib/gcc/arm-none-eabi/4.8.2/../../../../arm-none-eabi/lib\libg.a(lib_a-getenv_r.o)
 .data          0x02014ce8        0x4 c:/devkitpro/devkitarm/bin/../lib/gcc/arm-none-eabi/4.8.2/../../../../arm-none-eabi/lib\libg.a(lib_a-environ.o)
                0x02014ce8                environ
 .data          0x02014cec        0x0 c:/devkitpro/devkitarm/bin/../lib/gcc/arm-none-eabi/4.8.2/../../../../arm-none-eabi/lib\libg.a(lib_a-envlock.o)
 .data          0x02014cec       0x44 c:/devkitpro/devkitarm/bin/../lib/gcc/arm-none-eabi/4.8.2/../../../../arm-none-eabi/lib\libsysbase.a(iosupport.o)
                0x02014cf0                devoptab_list
 .data          0x02014d30        0x0 c:/devkitpro/devkitarm/bin/../lib/gcc/arm-none-eabi/4.8.2/../../../../arm-none-eabi/lib\libsysbase.a(close.o)
 .data          0x02014d30        0x0 c:/devkitpro/devkitarm/bin/../lib/gcc/arm-none-eabi/4.8.2/../../../../arm-none-eabi/lib\libsysbase.a(fstat.o)
 .data          0x02014d30        0x0 c:/devkitpro/devkitarm/bin/../lib/gcc/arm-none-eabi/4.8.2/../../../../arm-none-eabi/lib\libsysbase.a(isatty.o)
 .data          0x02014d30        0x0 c:/devkitpro/devkitarm/bin/../lib/gcc/arm-none-eabi/4.8.2/../../../../arm-none-eabi/lib\libsysbase.a(lseek.o)
 .data          0x02014d30        0x0 c:/devkitpro/devkitarm/bin/../lib/gcc/arm-none-eabi/4.8.2/../../../../arm-none-eabi/lib\libsysbase.a(read.o)
 .data          0x02014d30        0x0 c:/devkitpro/devkitarm/bin/../lib/gcc/arm-none-eabi/4.8.2/../../../../arm-none-eabi/lib\libsysbase.a(sbrk.o)
 .data          0x02014d30        0x0 c:/devkitpro/devkitarm/bin/../lib/gcc/arm-none-eabi/4.8.2/../../../../arm-none-eabi/lib\libsysbase.a(times.o)
 .data          0x02014d30        0x0 c:/devkitpro/devkitarm/bin/../lib/gcc/arm-none-eabi/4.8.2/../../../../arm-none-eabi/lib\libsysbase.a(write.o)
 .data          0x02014d30        0x0 c:/devkitpro/devkitarm/bin/../lib/gcc/arm-none-eabi/4.8.2/../../../../arm-none-eabi/lib\libsysbase.a(malloc_vars.o)
 .data          0x02014d30        0x0 c:/devkitpro/devkitarm/bin/../lib/gcc/arm-none-eabi/4.8.2/../../../../arm-none-eabi/lib\libsysbase.a(build_argv.o)
 .data          0x02014d30        0x0 c:/devkitpro/devkitarm/bin/../lib/gcc/arm-none-eabi/4.8.2/../../../../arm-none-eabi/lib\libsysbase.a(syscall_support.o)
 .data          0x02014d30        0x0 c:/devkitpro/devkitarm/bin/../lib/gcc/arm-none-eabi/4.8.2/../../../../arm-none-eabi/lib\libsysbase.a(handle_manager.o)
 .data          0x02014d30        0x0 c:/devkitpro/devkitarm/bin/../lib/gcc/arm-none-eabi/4.8.2\libgcc.a(_udivsi3.o)
 .data          0x02014d30        0x0 c:/devkitpro/devkitarm/bin/../lib/gcc/arm-none-eabi/4.8.2\libgcc.a(_aeabi_uldivmod.o)
 .data          0x02014d30        0x0 c:/devkitpro/devkitarm/bin/../lib/gcc/arm-none-eabi/4.8.2\libgcc.a(bpabi.o)
 .data          0x02014d30        0x0 c:/devkitpro/devkitarm/bin/../lib/gcc/arm-none-eabi/4.8.2\libgcc.a(_divdi3.o)
 .data          0x02014d30        0x0 c:/devkitpro/devkitarm/bin/../lib/gcc/arm-none-eabi/4.8.2\libgcc.a(_udivdi3.o)
 .data          0x02014d30        0x0 c:/devkitpro/devkitarm/bin/../lib/gcc/arm-none-eabi/4.8.2\libgcc.a(_clzsi2.o)
 .data          0x02014d30        0x0 c:/devkitpro/devkitarm/bin/../lib/gcc/arm-none-eabi/4.8.2/../../../../arm-none-eabi/lib\libg.a(lib_a-errno.o)
 .data          0x02014d30        0x0 c:/devkitpro/devkitarm/bin/../lib/gcc/arm-none-eabi/4.8.2/crtend.o
 .data          0x02014d30        0x0 c:/devkitpro/devkitarm/bin/../lib/gcc/arm-none-eabi/4.8.2/crtn.o
 *(.data.*)
 *(.gnu.linkonce.d*)
                0x02014d30                . = ALIGN (0x4)
                0x02014d30                __data_end = ABSOLUTE (.)
                0x02014d30                __dtcm_lma = .
                0x02014d30                __bss_vma = .

.igot.plt       0x02014d30        0x0
 .igot.plt      0x00000000        0x0 c:/devkitpro/devkitarm/bin/../lib/gcc/arm-none-eabi/4.8.2/../../../../arm-none-eabi/lib/ds_arm9_crt0.o

.tm_clone_table
                0x02014d30        0x0
 .tm_clone_table
                0x02014d30        0x0 c:/devkitpro/devkitarm/bin/../lib/gcc/arm-none-eabi/4.8.2/crtbegin.o
 .tm_clone_table
                0x02014d30        0x0 c:/devkitpro/devkitarm/bin/../lib/gcc/arm-none-eabi/4.8.2/crtend.o

.dtcm           0x0b000000        0x0 load address 0x02014d30
 *(.dtcm)
 *(.dtcm.*)
                0x0b000000                . = ALIGN (0x4)
                0x0b000000                __dtcm_end = ABSOLUTE (.)
                0x02014d30                __itcm_lma = (__dtcm_lma + SIZEOF (.dtcm))

.itcm           0x01000100      0x194 load address 0x02014d30
 *(.itcm)
 .itcm          0x01000100       0xc8 c:/devkitPro/libnds/lib\libnds9.a(interrupts.o)
                0x01000100                irqTable
 .itcm          0x010001c8       0xcc c:/devkitPro/libnds/lib\libnds9.a(interruptDispatcher.o)
                0x010001c8                IntrMain
 *itcm.*(.text)
                0x01000294                . = ALIGN (0x4)
                0x01000294                __itcm_end = ABSOLUTE (.)
                0x02014ec4                __vectors_lma = (__itcm_lma + SIZEOF (.itcm))

.vectors        0x01000000        0x0 load address 0x02014ec4
 *(.vectors)
 *vectors.*(.text)
                0x01000000                . = ALIGN (0x4)
                0x01000000                __vectors_end = ABSOLUTE (.)

.sbss           0x0b000000        0x0
                0x0b000000                __sbss_start = ABSOLUTE (.)
                0x0b000000                __sbss_start__ = ABSOLUTE (.)
 *(.sbss)
                0x0b000000                . = ALIGN (0x4)
                0x0b000000                __sbss_end = ABSOLUTE (.)

.bss            0x02014d30     0x1f20
                0x02014d30                __bss_start = ABSOLUTE (.)
                0x02014d30                __bss_start__ = ABSOLUTE (.)
 *(.dynbss)
 *(.gnu.linkonce.b*)
 *(.bss*)
 .bss           0x02014d30        0x0 c:/devkitpro/devkitarm/bin/../lib/gcc/arm-none-eabi/4.8.2/../../../../arm-none-eabi/lib/ds_arm9_crt0.o
 .bss           0x02014d30        0x0 c:/devkitpro/devkitarm/bin/../lib/gcc/arm-none-eabi/4.8.2/crti.o
 .bss           0x02014d30       0x1c c:/devkitpro/devkitarm/bin/../lib/gcc/arm-none-eabi/4.8.2/crtbegin.o
 .bss           0x02014d4c        0x0 main.o
 .bss           0x02014d4c        0x0 text.o
 .bss           0x02014d4c        0x0 c:/devkitPro/libnds/lib\libnds9.a(background.o)
 .bss           0x02014d4c        0x0 c:/devkitPro/libnds/lib\libnds9.a(console.o)
 .bss           0x02014d4c        0x6 c:/devkitPro/libnds/lib\libnds9.a(keys.o)
 .bss           0x02014d52        0x0 c:/devkitPro/libnds/lib\libnds9.a(trig.o)
 .bss           0x02014d52        0x0 c:/devkitPro/libnds/lib\libnds9.a(initSystem.o)
 *fill*         0x02014d52        0x2 
 .bss           0x02014d54        0x8 c:/devkitPro/libnds/lib\libnds9.a(fifosystem.o)
                0x02014d58                processing
 .bss           0x02014d5c        0x0 c:/devkitPro/libnds/lib\libnds9.a(interrupts.o)
 .bss           0x02014d5c        0x0 c:/devkitPro/libnds/lib\libnds9.a(libnds_exit.arm.o)
 .bss           0x02014d5c        0x0 c:/devkitPro/libnds/lib\libnds9.a(mpu_setup.o)
 .bss           0x02014d5c        0x0 c:/devkitPro/libnds/lib\libnds9.a(biosCalls.o)
 .bss           0x02014d5c        0x0 c:/devkitPro/libnds/lib\libnds9.a(debugprint.o)
 .bss           0x02014d5c        0x0 c:/devkitPro/libnds/lib\libnds9.a(interruptDispatcher.o)
 .bss           0x02014d5c        0x0 c:/devkitPro/libnds/lib\libnds9.a(swiSoftReset.o)
 .bss           0x02014d5c        0x0 c:/devkitPro/libnds/lib\libnds9.a(default_font.bin.o)
 .bss           0x02014d5c        0x4 c:/devkitPro/libnds/lib\libnds9.a(system.o)
 .bss           0x02014d60        0x0 c:/devkitPro/libnds/lib\libnds9.a(video.o)
 .bss           0x02014d60        0x0 c:/devkitpro/devkitarm/bin/../lib/gcc/arm-none-eabi/4.8.2\libgcc.a(_divsi3.o)
 .bss           0x02014d60        0x0 c:/devkitpro/devkitarm/bin/../lib/gcc/arm-none-eabi/4.8.2\libgcc.a(_dvmd_tls.o)
 .bss           0x02014d60        0x0 c:/devkitpro/devkitarm/bin/../lib/gcc/arm-none-eabi/4.8.2/../../../../arm-none-eabi/lib\libg.a(lib_a-bsearch.o)
 .bss           0x02014d60        0x0 c:/devkitpro/devkitarm/bin/../lib/gcc/arm-none-eabi/4.8.2/../../../../arm-none-eabi/lib\libg.a(lib_a-impure.o)
 .bss           0x02014d60        0x0 c:/devkitpro/devkitarm/bin/../lib/gcc/arm-none-eabi/4.8.2/../../../../arm-none-eabi/lib\libg.a(lib_a-init.o)
 .bss           0x02014d60        0x0 c:/devkitpro/devkitarm/bin/../lib/gcc/arm-none-eabi/4.8.2/../../../../arm-none-eabi/lib\libg.a(lib_a-iprintf.o)
 .bss           0x02014d60        0x0 c:/devkitpro/devkitarm/bin/../lib/gcc/arm-none-eabi/4.8.2/../../../../arm-none-eabi/lib\libg.a(lib_a-memcpy-stub.o)
 .bss           0x02014d60        0x0 c:/devkitpro/devkitarm/bin/../lib/gcc/arm-none-eabi/4.8.2/../../../../arm-none-eabi/lib\libg.a(lib_a-memset.o)
 .bss           0x02014d60        0x0 c:/devkitpro/devkitarm/bin/../lib/gcc/arm-none-eabi/4.8.2/../../../../arm-none-eabi/lib\libg.a(lib_a-setvbuf.o)
 .bss           0x02014d60        0x0 c:/devkitpro/devkitarm/bin/../lib/gcc/arm-none-eabi/4.8.2/../../../../arm-none-eabi/lib\libg.a(lib_a-siscanf.o)
 .bss           0x02014d60        0x0 c:/devkitpro/devkitarm/bin/../lib/gcc/arm-none-eabi/4.8.2/../../../../arm-none-eabi/lib\libg.a(lib_a-stdio.o)
 .bss           0x02014d60        0x0 c:/devkitpro/devkitarm/bin/../lib/gcc/arm-none-eabi/4.8.2/../../../../arm-none-eabi/lib\libg.a(lib_a-strlen.o)
 .bss           0x02014d60        0x0 c:/devkitpro/devkitarm/bin/../lib/gcc/arm-none-eabi/4.8.2/../../../../arm-none-eabi/lib\libg.a(lib_a-svfiscanf.o)
 .bss           0x02014d60        0x0 c:/devkitpro/devkitarm/bin/../lib/gcc/arm-none-eabi/4.8.2/../../../../arm-none-eabi/lib\libg.a(lib_a-ungetc.o)
 .bss           0x02014d60        0x0 c:/devkitpro/devkitarm/bin/../lib/gcc/arm-none-eabi/4.8.2/../../../../arm-none-eabi/lib\libg.a(lib_a-vfiprintf.o)
 .bss           0x02014d60        0x0 c:/devkitpro/devkitarm/bin/../lib/gcc/arm-none-eabi/4.8.2/../../../../arm-none-eabi/lib\libg.a(lib_a-wcrtomb.o)
 .bss           0x02014d60        0x0 c:/devkitpro/devkitarm/bin/../lib/gcc/arm-none-eabi/4.8.2/../../../../arm-none-eabi/lib\libg.a(lib_a-wcsrtombs.o)
 .bss           0x02014d60        0x0 c:/devkitpro/devkitarm/bin/../lib/gcc/arm-none-eabi/4.8.2/../../../../arm-none-eabi/lib\libg.a(lib_a-wctomb_r.o)
 .bss           0x02014d60        0x0 c:/devkitpro/devkitarm/bin/../lib/gcc/arm-none-eabi/4.8.2/../../../../arm-none-eabi/lib\libg.a(lib_a-wsetup.o)
 .bss           0x02014d60        0x0 c:/devkitpro/devkitarm/bin/../lib/gcc/arm-none-eabi/4.8.2/../../../../arm-none-eabi/lib\libg.a(lib_a-ctype_.o)
 .bss           0x02014d60        0x0 c:/devkitpro/devkitarm/bin/../lib/gcc/arm-none-eabi/4.8.2/../../../../arm-none-eabi/lib\libg.a(lib_a-fflush.o)
 .bss           0x02014d60        0x0 c:/devkitpro/devkitarm/bin/../lib/gcc/arm-none-eabi/4.8.2/../../../../arm-none-eabi/lib\libg.a(lib_a-findfp.o)
 .bss           0x02014d60        0x0 c:/devkitpro/devkitarm/bin/../lib/gcc/arm-none-eabi/4.8.2/../../../../arm-none-eabi/lib\libg.a(lib_a-fputwc.o)
 .bss           0x02014d60        0x0 c:/devkitpro/devkitarm/bin/../lib/gcc/arm-none-eabi/4.8.2/../../../../arm-none-eabi/lib\libg.a(lib_a-freer.o)
 .bss           0x02014d60        0x0 c:/devkitpro/devkitarm/bin/../lib/gcc/arm-none-eabi/4.8.2/../../../../arm-none-eabi/lib\libg.a(lib_a-fvwrite.o)
 .bss           0x02014d60        0x0 c:/devkitpro/devkitarm/bin/../lib/gcc/arm-none-eabi/4.8.2/../../../../arm-none-eabi/lib\libg.a(lib_a-fwalk.o)
 .bss           0x02014d60        0x0 c:/devkitpro/devkitarm/bin/../lib/gcc/arm-none-eabi/4.8.2/../../../../arm-none-eabi/lib\libg.a(lib_a-iswspace.o)
 .bss           0x02014d60        0x0 c:/devkitpro/devkitarm/bin/../lib/gcc/arm-none-eabi/4.8.2/../../../../arm-none-eabi/lib\libg.a(lib_a-jp2uc.o)
 .bss           0x02014d60      0x2b8 c:/devkitpro/devkitarm/bin/../lib/gcc/arm-none-eabi/4.8.2/../../../../arm-none-eabi/lib\libg.a(lib_a-locale.o)
                0x0201500c                _PathLocale
                0x02015010                __mlocale_changed
                0x02015014                __nlocale_changed
 .bss           0x02015018        0x0 c:/devkitpro/devkitarm/bin/../lib/gcc/arm-none-eabi/4.8.2/../../../../arm-none-eabi/lib\libg.a(lib_a-makebuf.o)
 .bss           0x02015018        0x0 c:/devkitpro/devkitarm/bin/../lib/gcc/arm-none-eabi/4.8.2/../../../../arm-none-eabi/lib\libg.a(lib_a-malloc.o)
 .bss           0x02015018       0x34 c:/devkitpro/devkitarm/bin/../lib/gcc/arm-none-eabi/4.8.2/../../../../arm-none-eabi/lib\libg.a(lib_a-mallocr.o)
                0x02015018                __malloc_top_pad
                0x0201501c                __malloc_current_mallinfo
                0x02015044                __malloc_max_sbrked_mem
                0x02015048                __malloc_max_total_mem
 .bss           0x0201504c        0x0 c:/devkitpro/devkitarm/bin/../lib/gcc/arm-none-eabi/4.8.2/../../../../arm-none-eabi/lib\libg.a(lib_a-mbrtowc.o)
 .bss           0x0201504c        0x0 c:/devkitpro/devkitarm/bin/../lib/gcc/arm-none-eabi/4.8.2/../../../../arm-none-eabi/lib\libg.a(lib_a-mbtowc_r.o)
 .bss           0x0201504c        0x0 c:/devkitpro/devkitarm/bin/../lib/gcc/arm-none-eabi/4.8.2/../../../../arm-none-eabi/lib\libg.a(lib_a-memchr-stub.o)
 .bss           0x0201504c        0x0 c:/devkitpro/devkitarm/bin/../lib/gcc/arm-none-eabi/4.8.2/../../../../arm-none-eabi/lib\libg.a(lib_a-memmove.o)
 .bss           0x0201504c        0x0 c:/devkitpro/devkitarm/bin/../lib/gcc/arm-none-eabi/4.8.2/../../../../arm-none-eabi/lib\libg.a(lib_a-mlock.o)
 .bss           0x0201504c        0x0 c:/devkitpro/devkitarm/bin/../lib/gcc/arm-none-eabi/4.8.2/../../../../arm-none-eabi/lib\libg.a(lib_a-reallocr.o)
 .bss           0x0201504c        0x0 c:/devkitpro/devkitarm/bin/../lib/gcc/arm-none-eabi/4.8.2/../../../../arm-none-eabi/lib\libg.a(lib_a-sccl.o)
 .bss           0x0201504c        0x0 c:/devkitpro/devkitarm/bin/../lib/gcc/arm-none-eabi/4.8.2/../../../../arm-none-eabi/lib\libg.a(lib_a-strcasecmp.o)
 .bss           0x0201504c        0x0 c:/devkitpro/devkitarm/bin/../lib/gcc/arm-none-eabi/4.8.2/../../../../arm-none-eabi/lib\libg.a(lib_a-strcat.o)
 .bss           0x0201504c        0x0 c:/devkitpro/devkitarm/bin/../lib/gcc/arm-none-eabi/4.8.2/../../../../arm-none-eabi/lib\libg.a(lib_a-strchr.o)
 .bss           0x0201504c        0x0 c:/devkitpro/devkitarm/bin/../lib/gcc/arm-none-eabi/4.8.2/../../../../arm-none-eabi/lib\libg.a(lib_a-strcmp.o)
 .bss           0x0201504c        0x0 c:/devkitpro/devkitarm/bin/../lib/gcc/arm-none-eabi/4.8.2/../../../../arm-none-eabi/lib\libg.a(lib_a-strcpy.o)
 .bss           0x0201504c        0x0 c:/devkitpro/devkitarm/bin/../lib/gcc/arm-none-eabi/4.8.2/../../../../arm-none-eabi/lib\libg.a(lib_a-strlcpy.o)
 .bss           0x0201504c        0x0 c:/devkitpro/devkitarm/bin/../lib/gcc/arm-none-eabi/4.8.2/../../../../arm-none-eabi/lib\libg.a(lib_a-strncasecmp.o)
 .bss           0x0201504c        0x0 c:/devkitpro/devkitarm/bin/../lib/gcc/arm-none-eabi/4.8.2/../../../../arm-none-eabi/lib\libg.a(lib_a-strncmp.o)
 .bss           0x0201504c        0x0 c:/devkitpro/devkitarm/bin/../lib/gcc/arm-none-eabi/4.8.2/../../../../arm-none-eabi/lib\libg.a(lib_a-strncpy.o)
 .bss           0x0201504c        0x0 c:/devkitpro/devkitarm/bin/../lib/gcc/arm-none-eabi/4.8.2/../../../../arm-none-eabi/lib\libg.a(lib_a-strtoll_r.o)
 .bss           0x0201504c        0x0 c:/devkitpro/devkitarm/bin/../lib/gcc/arm-none-eabi/4.8.2/../../../../arm-none-eabi/lib\libg.a(lib_a-strtol.o)
 .bss           0x0201504c        0x0 c:/devkitpro/devkitarm/bin/../lib/gcc/arm-none-eabi/4.8.2/../../../../arm-none-eabi/lib\libg.a(lib_a-strtoull_r.o)
 .bss           0x0201504c        0x0 c:/devkitpro/devkitarm/bin/../lib/gcc/arm-none-eabi/4.8.2/../../../../arm-none-eabi/lib\libg.a(lib_a-strtoul.o)
 .bss           0x0201504c        0x0 c:/devkitpro/devkitarm/bin/../lib/gcc/arm-none-eabi/4.8.2/../../../../arm-none-eabi/lib\libg.a(lib_a-wbuf.o)
 .bss           0x0201504c        0x0 c:/devkitpro/devkitarm/bin/../lib/gcc/arm-none-eabi/4.8.2/../../../../arm-none-eabi/lib\libg.a(lib_a-wcsnrtombs.o)
 .bss           0x0201504c        0x0 c:/devkitpro/devkitarm/bin/../lib/gcc/arm-none-eabi/4.8.2/../../../../arm-none-eabi/lib\libg.a(lib_a-fclose.o)
 .bss           0x0201504c        0x0 c:/devkitpro/devkitarm/bin/../lib/gcc/arm-none-eabi/4.8.2/../../../../arm-none-eabi/lib\libg.a(lib_a-getenv_r.o)
 .bss           0x0201504c        0x4 c:/devkitpro/devkitarm/bin/../lib/gcc/arm-none-eabi/4.8.2/../../../../arm-none-eabi/lib\libg.a(lib_a-environ.o)
 .bss           0x02015050        0x0 c:/devkitpro/devkitarm/bin/../lib/gcc/arm-none-eabi/4.8.2/../../../../arm-none-eabi/lib\libg.a(lib_a-envlock.o)
 .bss           0x02015050        0x0 c:/devkitpro/devkitarm/bin/../lib/gcc/arm-none-eabi/4.8.2/../../../../arm-none-eabi/lib\libsysbase.a(iosupport.o)
 .bss           0x02015050        0x0 c:/devkitpro/devkitarm/bin/../lib/gcc/arm-none-eabi/4.8.2/../../../../arm-none-eabi/lib\libsysbase.a(close.o)
 .bss           0x02015050        0x0 c:/devkitpro/devkitarm/bin/../lib/gcc/arm-none-eabi/4.8.2/../../../../arm-none-eabi/lib\libsysbase.a(fstat.o)
 .bss           0x02015050        0x0 c:/devkitpro/devkitarm/bin/../lib/gcc/arm-none-eabi/4.8.2/../../../../arm-none-eabi/lib\libsysbase.a(isatty.o)
 .bss           0x02015050        0x0 c:/devkitpro/devkitarm/bin/../lib/gcc/arm-none-eabi/4.8.2/../../../../arm-none-eabi/lib\libsysbase.a(lseek.o)
 .bss           0x02015050        0x0 c:/devkitpro/devkitarm/bin/../lib/gcc/arm-none-eabi/4.8.2/../../../../arm-none-eabi/lib\libsysbase.a(read.o)
 .bss           0x02015050        0x4 c:/devkitpro/devkitarm/bin/../lib/gcc/arm-none-eabi/4.8.2/../../../../arm-none-eabi/lib\libsysbase.a(sbrk.o)
 .bss           0x02015054        0x0 c:/devkitpro/devkitarm/bin/../lib/gcc/arm-none-eabi/4.8.2/../../../../arm-none-eabi/lib\libsysbase.a(times.o)
 .bss           0x02015054        0x0 c:/devkitpro/devkitarm/bin/../lib/gcc/arm-none-eabi/4.8.2/../../../../arm-none-eabi/lib\libsysbase.a(write.o)
 .bss           0x02015054        0x8 c:/devkitpro/devkitarm/bin/../lib/gcc/arm-none-eabi/4.8.2/../../../../arm-none-eabi/lib\libsysbase.a(malloc_vars.o)
                0x02015054                fake_heap_start
                0x02015058                fake_heap_end
 .bss           0x0201505c        0x0 c:/devkitpro/devkitarm/bin/../lib/gcc/arm-none-eabi/4.8.2/../../../../arm-none-eabi/lib\libsysbase.a(build_argv.o)
 .bss           0x0201505c        0x8 c:/devkitpro/devkitarm/bin/../lib/gcc/arm-none-eabi/4.8.2/../../../../arm-none-eabi/lib\libsysbase.a(syscall_support.o)
                0x0201505c                __syscalls
 .bss           0x02015064     0x1000 c:/devkitpro/devkitarm/bin/../lib/gcc/arm-none-eabi/4.8.2/../../../../arm-none-eabi/lib\libsysbase.a(handle_manager.o)
 .bss           0x02016064        0x0 c:/devkitpro/devkitarm/bin/../lib/gcc/arm-none-eabi/4.8.2\libgcc.a(_udivsi3.o)
 .bss           0x02016064        0x0 c:/devkitpro/devkitarm/bin/../lib/gcc/arm-none-eabi/4.8.2\libgcc.a(_aeabi_uldivmod.o)
 .bss           0x02016064        0x0 c:/devkitpro/devkitarm/bin/../lib/gcc/arm-none-eabi/4.8.2\libgcc.a(bpabi.o)
 .bss           0x02016064        0x0 c:/devkitpro/devkitarm/bin/../lib/gcc/arm-none-eabi/4.8.2\libgcc.a(_divdi3.o)
 .bss           0x02016064        0x0 c:/devkitpro/devkitarm/bin/../lib/gcc/arm-none-eabi/4.8.2\libgcc.a(_udivdi3.o)
 .bss           0x02016064        0x0 c:/devkitpro/devkitarm/bin/../lib/gcc/arm-none-eabi/4.8.2\libgcc.a(_clzsi2.o)
 .bss           0x02016064        0x0 c:/devkitpro/devkitarm/bin/../lib/gcc/arm-none-eabi/4.8.2/../../../../arm-none-eabi/lib\libg.a(lib_a-errno.o)
 .bss           0x02016064        0x0 c:/devkitpro/devkitarm/bin/../lib/gcc/arm-none-eabi/4.8.2/crtend.o
 .bss           0x02016064        0x0 c:/devkitpro/devkitarm/bin/../lib/gcc/arm-none-eabi/4.8.2/crtn.o
 *(COMMON)
 COMMON         0x02016064      0x148 c:/devkitPro/libnds/lib\libnds9.a(background.o)
                0x02016064                bgState
                0x020161a4                bgIsTextLut
 COMMON         0x020161ac       0x5c c:/devkitPro/libnds/lib\libnds9.a(console.o)
                0x020161ac                currentCopy
 COMMON         0x02016208        0x1 c:/devkitPro/libnds/lib\libnds9.a(initSystem.o)
                0x02016208                __dsimode
 *fill*         0x02016209        0x3 
 COMMON         0x0201620c      0xa40 c:/devkitPro/libnds/lib\libnds9.a(fifosystem.o)
                0x0201620c                fifo_datamsg_data
                0x0201624c                fifo_buffer
                0x02016a4c                fifo_value32_func
                0x02016a8c                fifo_address_func
                0x02016acc                fifo_value32_data
                0x02016b0c                fifo_value32_queue
                0x02016b4c                fifo_data_queue
                0x02016b8c                fifo_address_data
                0x02016bcc                fifo_datamsg_func
                0x02016c0c                fifo_address_queue
 COMMON         0x02016c4c        0x4 c:/devkitpro/devkitarm/bin/../lib/gcc/arm-none-eabi/4.8.2/../../../../arm-none-eabi/lib\libsysbase.a(times.o)
                0x02016c4c                punixTime
                0x02016c50                . = ALIGN (0x4)
                0x02016c50                __bss_end__ = ABSOLUTE (.)
                0x02016c50                __end__ = ABSOLUTE (.)

.stab
 *(.stab)

.stabstr
 *(.stabstr)

.stab.excl
 *(.stab.excl)

.stab.exclstr
 *(.stab.exclstr)

.stab.index
 *(.stab.index)

.stab.indexstr
 *(.stab.indexstr)

.comment        0x00000000       0x22
 *(.comment)
 .comment       0x00000000       0x22 c:/devkitpro/devkitarm/bin/../lib/gcc/arm-none-eabi/4.8.2/crtbegin.o
                                 0x23 (size before relaxing)
 .comment       0x00000000       0x23 main.o
 .comment       0x00000000       0x23 text.o
 .comment       0x00000000       0x23 c:/devkitPro/libnds/lib\libnds9.a(background.o)
 .comment       0x00000000       0x23 c:/devkitPro/libnds/lib\libnds9.a(console.o)
 .comment       0x00000000       0x23 c:/devkitPro/libnds/lib\libnds9.a(keys.o)
 .comment       0x00000000       0x23 c:/devkitPro/libnds/lib\libnds9.a(trig.o)
 .comment       0x00000000       0x23 c:/devkitPro/libnds/lib\libnds9.a(initSystem.o)
 .comment       0x00000000       0x23 c:/devkitPro/libnds/lib\libnds9.a(fifosystem.o)
 .comment       0x00000000       0x23 c:/devkitPro/libnds/lib\libnds9.a(interrupts.o)
 .comment       0x00000000       0x23 c:/devkitPro/libnds/lib\libnds9.a(libnds_exit.arm.o)
 .comment       0x00000000       0x23 c:/devkitPro/libnds/lib\libnds9.a(system.o)
 .comment       0x00000000       0x23 c:/devkitPro/libnds/lib\libnds9.a(video.o)
 .comment       0x00000000       0x23 c:/devkitpro/devkitarm/bin/../lib/gcc/arm-none-eabi/4.8.2/../../../../arm-none-eabi/lib\libg.a(lib_a-bsearch.o)
 .comment       0x00000000       0x23 c:/devkitpro/devkitarm/bin/../lib/gcc/arm-none-eabi/4.8.2/../../../../arm-none-eabi/lib\libg.a(lib_a-impure.o)
 .comment       0x00000000       0x23 c:/devkitpro/devkitarm/bin/../lib/gcc/arm-none-eabi/4.8.2/../../../../arm-none-eabi/lib\libg.a(lib_a-init.o)
 .comment       0x00000000       0x23 c:/devkitpro/devkitarm/bin/../lib/gcc/arm-none-eabi/4.8.2/../../../../arm-none-eabi/lib\libg.a(lib_a-iprintf.o)
 .comment       0x00000000       0x23 c:/devkitpro/devkitarm/bin/../lib/gcc/arm-none-eabi/4.8.2/../../../../arm-none-eabi/lib\libg.a(lib_a-memcpy-stub.o)
 .comment       0x00000000       0x23 c:/devkitpro/devkitarm/bin/../lib/gcc/arm-none-eabi/4.8.2/../../../../arm-none-eabi/lib\libg.a(lib_a-memset.o)
 .comment       0x00000000       0x23 c:/devkitpro/devkitarm/bin/../lib/gcc/arm-none-eabi/4.8.2/../../../../arm-none-eabi/lib\libg.a(lib_a-setvbuf.o)
 .comment       0x00000000       0x23 c:/devkitpro/devkitarm/bin/../lib/gcc/arm-none-eabi/4.8.2/../../../../arm-none-eabi/lib\libg.a(lib_a-siscanf.o)
 .comment       0x00000000       0x23 c:/devkitpro/devkitarm/bin/../lib/gcc/arm-none-eabi/4.8.2/../../../../arm-none-eabi/lib\libg.a(lib_a-stdio.o)
 .comment       0x00000000       0x23 c:/devkitpro/devkitarm/bin/../lib/gcc/arm-none-eabi/4.8.2/../../../../arm-none-eabi/lib\libg.a(lib_a-strlen.o)
 .comment       0x00000000       0x23 c:/devkitpro/devkitarm/bin/../lib/gcc/arm-none-eabi/4.8.2/../../../../arm-none-eabi/lib\libg.a(lib_a-svfiscanf.o)
 .comment       0x00000000       0x23 c:/devkitpro/devkitarm/bin/../lib/gcc/arm-none-eabi/4.8.2/../../../../arm-none-eabi/lib\libg.a(lib_a-ungetc.o)
 .comment       0x00000000       0x23 c:/devkitpro/devkitarm/bin/../lib/gcc/arm-none-eabi/4.8.2/../../../../arm-none-eabi/lib\libg.a(lib_a-vfiprintf.o)
 .comment       0x00000000       0x23 c:/devkitpro/devkitarm/bin/../lib/gcc/arm-none-eabi/4.8.2/../../../../arm-none-eabi/lib\libg.a(lib_a-wcrtomb.o)
 .comment       0x00000000       0x23 c:/devkitpro/devkitarm/bin/../lib/gcc/arm-none-eabi/4.8.2/../../../../arm-none-eabi/lib\libg.a(lib_a-wcsrtombs.o)
 .comment       0x00000000       0x23 c:/devkitpro/devkitarm/bin/../lib/gcc/arm-none-eabi/4.8.2/../../../../arm-none-eabi/lib\libg.a(lib_a-wctomb_r.o)
 .comment       0x00000000       0x23 c:/devkitpro/devkitarm/bin/../lib/gcc/arm-none-eabi/4.8.2/../../../../arm-none-eabi/lib\libg.a(lib_a-wsetup.o)
 .comment       0x00000000       0x23 c:/devkitpro/devkitarm/bin/../lib/gcc/arm-none-eabi/4.8.2/../../../../arm-none-eabi/lib\libg.a(lib_a-ctype_.o)
 .comment       0x00000000       0x23 c:/devkitpro/devkitarm/bin/../lib/gcc/arm-none-eabi/4.8.2/../../../../arm-none-eabi/lib\libg.a(lib_a-fflush.o)
 .comment       0x00000000       0x23 c:/devkitpro/devkitarm/bin/../lib/gcc/arm-none-eabi/4.8.2/../../../../arm-none-eabi/lib\libg.a(lib_a-findfp.o)
 .comment       0x00000000       0x23 c:/devkitpro/devkitarm/bin/../lib/gcc/arm-none-eabi/4.8.2/../../../../arm-none-eabi/lib\libg.a(lib_a-fputwc.o)
 .comment       0x00000000       0x23 c:/devkitpro/devkitarm/bin/../lib/gcc/arm-none-eabi/4.8.2/../../../../arm-none-eabi/lib\libg.a(lib_a-freer.o)
 .comment       0x00000000       0x23 c:/devkitpro/devkitarm/bin/../lib/gcc/arm-none-eabi/4.8.2/../../../../arm-none-eabi/lib\libg.a(lib_a-fvwrite.o)
 .comment       0x00000000       0x23 c:/devkitpro/devkitarm/bin/../lib/gcc/arm-none-eabi/4.8.2/../../../../arm-none-eabi/lib\libg.a(lib_a-fwalk.o)
 .comment       0x00000000       0x23 c:/devkitpro/devkitarm/bin/../lib/gcc/arm-none-eabi/4.8.2/../../../../arm-none-eabi/lib\libg.a(lib_a-iswspace.o)
 .comment       0x00000000       0x23 c:/devkitpro/devkitarm/bin/../lib/gcc/arm-none-eabi/4.8.2/../../../../arm-none-eabi/lib\libg.a(lib_a-jp2uc.o)
 .comment       0x00000000       0x23 c:/devkitpro/devkitarm/bin/../lib/gcc/arm-none-eabi/4.8.2/../../../../arm-none-eabi/lib\libg.a(lib_a-locale.o)
 .comment       0x00000000       0x23 c:/devkitpro/devkitarm/bin/../lib/gcc/arm-none-eabi/4.8.2/../../../../arm-none-eabi/lib\libg.a(lib_a-makebuf.o)
 .comment       0x00000000       0x23 c:/devkitpro/devkitarm/bin/../lib/gcc/arm-none-eabi/4.8.2/../../../../arm-none-eabi/lib\libg.a(lib_a-malloc.o)
 .comment       0x00000000       0x23 c:/devkitpro/devkitarm/bin/../lib/gcc/arm-none-eabi/4.8.2/../../../../arm-none-eabi/lib\libg.a(lib_a-mallocr.o)
 .comment       0x00000000       0x23 c:/devkitpro/devkitarm/bin/../lib/gcc/arm-none-eabi/4.8.2/../../../../arm-none-eabi/lib\libg.a(lib_a-mbrtowc.o)
 .comment       0x00000000       0x23 c:/devkitpro/devkitarm/bin/../lib/gcc/arm-none-eabi/4.8.2/../../../../arm-none-eabi/lib\libg.a(lib_a-mbtowc_r.o)
 .comment       0x00000000       0x23 c:/devkitpro/devkitarm/bin/../lib/gcc/arm-none-eabi/4.8.2/../../../../arm-none-eabi/lib\libg.a(lib_a-memchr-stub.o)
 .comment       0x00000000       0x23 c:/devkitpro/devkitarm/bin/../lib/gcc/arm-none-eabi/4.8.2/../../../../arm-none-eabi/lib\libg.a(lib_a-memmove.o)
 .comment       0x00000000       0x23 c:/devkitpro/devkitarm/bin/../lib/gcc/arm-none-eabi/4.8.2/../../../../arm-none-eabi/lib\libg.a(lib_a-mlock.o)
 .comment       0x00000000       0x23 c:/devkitpro/devkitarm/bin/../lib/gcc/arm-none-eabi/4.8.2/../../../../arm-none-eabi/lib\libg.a(lib_a-reallocr.o)
 .comment       0x00000000       0x23 c:/devkitpro/devkitarm/bin/../lib/gcc/arm-none-eabi/4.8.2/../../../../arm-none-eabi/lib\libg.a(lib_a-sccl.o)
 .comment       0x00000000       0x23 c:/devkitpro/devkitarm/bin/../lib/gcc/arm-none-eabi/4.8.2/../../../../arm-none-eabi/lib\libg.a(lib_a-strcasecmp.o)
 .comment       0x00000000       0x23 c:/devkitpro/devkitarm/bin/../lib/gcc/arm-none-eabi/4.8.2/../../../../arm-none-eabi/lib\libg.a(lib_a-strcat.o)
 .comment       0x00000000       0x23 c:/devkitpro/devkitarm/bin/../lib/gcc/arm-none-eabi/4.8.2/../../../../arm-none-eabi/lib\libg.a(lib_a-strchr.o)
 .comment       0x00000000       0x23 c:/devkitpro/devkitarm/bin/../lib/gcc/arm-none-eabi/4.8.2/../../../../arm-none-eabi/lib\libg.a(lib_a-strcpy.o)
 .comment       0x00000000       0x23 c:/devkitpro/devkitarm/bin/../lib/gcc/arm-none-eabi/4.8.2/../../../../arm-none-eabi/lib\libg.a(lib_a-strlcpy.o)
 .comment       0x00000000       0x23 c:/devkitpro/devkitarm/bin/../lib/gcc/arm-none-eabi/4.8.2/../../../../arm-none-eabi/lib\libg.a(lib_a-strncasecmp.o)
 .comment       0x00000000       0x23 c:/devkitpro/devkitarm/bin/../lib/gcc/arm-none-eabi/4.8.2/../../../../arm-none-eabi/lib\libg.a(lib_a-strncmp.o)
 .comment       0x00000000       0x23 c:/devkitpro/devkitarm/bin/../lib/gcc/arm-none-eabi/4.8.2/../../../../arm-none-eabi/lib\libg.a(lib_a-strncpy.o)
 .comment       0x00000000       0x23 c:/devkitpro/devkitarm/bin/../lib/gcc/arm-none-eabi/4.8.2/../../../../arm-none-eabi/lib\libg.a(lib_a-strtoll_r.o)
 .comment       0x00000000       0x23 c:/devkitpro/devkitarm/bin/../lib/gcc/arm-none-eabi/4.8.2/../../../../arm-none-eabi/lib\libg.a(lib_a-strtol.o)
 .comment       0x00000000       0x23 c:/devkitpro/devkitarm/bin/../lib/gcc/arm-none-eabi/4.8.2/../../../../arm-none-eabi/lib\libg.a(lib_a-strtoull_r.o)
 .comment       0x00000000       0x23 c:/devkitpro/devkitarm/bin/../lib/gcc/arm-none-eabi/4.8.2/../../../../arm-none-eabi/lib\libg.a(lib_a-strtoul.o)
 .comment       0x00000000       0x23 c:/devkitpro/devkitarm/bin/../lib/gcc/arm-none-eabi/4.8.2/../../../../arm-none-eabi/lib\libg.a(lib_a-wbuf.o)
 .comment       0x00000000       0x23 c:/devkitpro/devkitarm/bin/../lib/gcc/arm-none-eabi/4.8.2/../../../../arm-none-eabi/lib\libg.a(lib_a-wcsnrtombs.o)
 .comment       0x00000000       0x23 c:/devkitpro/devkitarm/bin/../lib/gcc/arm-none-eabi/4.8.2/../../../../arm-none-eabi/lib\libg.a(lib_a-fclose.o)
 .comment       0x00000000       0x23 c:/devkitpro/devkitarm/bin/../lib/gcc/arm-none-eabi/4.8.2/../../../../arm-none-eabi/lib\libg.a(lib_a-getenv_r.o)
 .comment       0x00000000       0x23 c:/devkitpro/devkitarm/bin/../lib/gcc/arm-none-eabi/4.8.2/../../../../arm-none-eabi/lib\libg.a(lib_a-environ.o)
 .comment       0x00000000       0x23 c:/devkitpro/devkitarm/bin/../lib/gcc/arm-none-eabi/4.8.2/../../../../arm-none-eabi/lib\libg.a(lib_a-envlock.o)
 .comment       0x00000000       0x23 c:/devkitpro/devkitarm/bin/../lib/gcc/arm-none-eabi/4.8.2/../../../../arm-none-eabi/lib\libsysbase.a(iosupport.o)
 .comment       0x00000000       0x23 c:/devkitpro/devkitarm/bin/../lib/gcc/arm-none-eabi/4.8.2/../../../../arm-none-eabi/lib\libsysbase.a(close.o)
 .comment       0x00000000       0x23 c:/devkitpro/devkitarm/bin/../lib/gcc/arm-none-eabi/4.8.2/../../../../arm-none-eabi/lib\libsysbase.a(fstat.o)
 .comment       0x00000000       0x23 c:/devkitpro/devkitarm/bin/../lib/gcc/arm-none-eabi/4.8.2/../../../../arm-none-eabi/lib\libsysbase.a(isatty.o)
 .comment       0x00000000       0x23 c:/devkitpro/devkitarm/bin/../lib/gcc/arm-none-eabi/4.8.2/../../../../arm-none-eabi/lib\libsysbase.a(lseek.o)
 .comment       0x00000000       0x23 c:/devkitpro/devkitarm/bin/../lib/gcc/arm-none-eabi/4.8.2/../../../../arm-none-eabi/lib\libsysbase.a(read.o)
 .comment       0x00000000       0x23 c:/devkitpro/devkitarm/bin/../lib/gcc/arm-none-eabi/4.8.2/../../../../arm-none-eabi/lib\libsysbase.a(sbrk.o)
 .comment       0x00000000       0x23 c:/devkitpro/devkitarm/bin/../lib/gcc/arm-none-eabi/4.8.2/../../../../arm-none-eabi/lib\libsysbase.a(times.o)
 .comment       0x00000000       0x23 c:/devkitpro/devkitarm/bin/../lib/gcc/arm-none-eabi/4.8.2/../../../../arm-none-eabi/lib\libsysbase.a(write.o)
 .comment       0x00000000       0x23 c:/devkitpro/devkitarm/bin/../lib/gcc/arm-none-eabi/4.8.2/../../../../arm-none-eabi/lib\libsysbase.a(malloc_vars.o)
 .comment       0x00000000       0x23 c:/devkitpro/devkitarm/bin/../lib/gcc/arm-none-eabi/4.8.2/../../../../arm-none-eabi/lib\libsysbase.a(build_argv.o)
 .comment       0x00000000       0x23 c:/devkitpro/devkitarm/bin/../lib/gcc/arm-none-eabi/4.8.2/../../../../arm-none-eabi/lib\libsysbase.a(syscall_support.o)
 .comment       0x00000000       0x23 c:/devkitpro/devkitarm/bin/../lib/gcc/arm-none-eabi/4.8.2/../../../../arm-none-eabi/lib\libsysbase.a(handle_manager.o)
 .comment       0x00000000       0x23 c:/devkitpro/devkitarm/bin/../lib/gcc/arm-none-eabi/4.8.2\libgcc.a(bpabi.o)
 .comment       0x00000000       0x23 c:/devkitpro/devkitarm/bin/../lib/gcc/arm-none-eabi/4.8.2\libgcc.a(_divdi3.o)
 .comment       0x00000000       0x23 c:/devkitpro/devkitarm/bin/../lib/gcc/arm-none-eabi/4.8.2\libgcc.a(_udivdi3.o)
 .comment       0x00000000       0x23 c:/devkitpro/devkitarm/bin/../lib/gcc/arm-none-eabi/4.8.2/../../../../arm-none-eabi/lib\libg.a(lib_a-errno.o)
 .comment       0x00000000       0x23 c:/devkitpro/devkitarm/bin/../lib/gcc/arm-none-eabi/4.8.2/crtend.o

.ARM.attributes
                0x00000000       0x2d
 .ARM.attributes
                0x00000000       0x21 c:/devkitpro/devkitarm/bin/../lib/gcc/arm-none-eabi/4.8.2/../../../../arm-none-eabi/lib/ds_arm9_crt0.o
 .ARM.attributes
                0x00000021       0x16 c:/devkitpro/devkitarm/bin/../lib/gcc/arm-none-eabi/4.8.2/crti.o
 .ARM.attributes
                0x00000037       0x30 c:/devkitpro/devkitarm/bin/../lib/gcc/arm-none-eabi/4.8.2/crtbegin.o
 .ARM.attributes
                0x00000067       0x2b main.o
 .ARM.attributes
                0x00000092       0x2b text.o
 .ARM.attributes
                0x000000bd       0x27 c:/devkitPro/libnds/lib\libnds9.a(background.o)
 .ARM.attributes
                0x000000e4       0x27 c:/devkitPro/libnds/lib\libnds9.a(console.o)
 .ARM.attributes
                0x0000010b       0x27 c:/devkitPro/libnds/lib\libnds9.a(keys.o)
 .ARM.attributes
                0x00000132       0x27 c:/devkitPro/libnds/lib\libnds9.a(trig.o)
 .ARM.attributes
                0x00000159       0x27 c:/devkitPro/libnds/lib\libnds9.a(initSystem.o)
 .ARM.attributes
                0x00000180       0x27 c:/devkitPro/libnds/lib\libnds9.a(fifosystem.o)
 .ARM.attributes
                0x000001a7       0x27 c:/devkitPro/libnds/lib\libnds9.a(interrupts.o)
 .ARM.attributes
                0x000001ce       0x27 c:/devkitPro/libnds/lib\libnds9.a(libnds_exit.arm.o)
 .ARM.attributes
                0x000001f5       0x21 c:/devkitPro/libnds/lib\libnds9.a(mpu_setup.o)
 .ARM.attributes
                0x00000216       0x1b c:/devkitPro/libnds/lib\libnds9.a(biosCalls.o)
 .ARM.attributes
                0x00000231       0x1b c:/devkitPro/libnds/lib\libnds9.a(debugprint.o)
 .ARM.attributes
                0x0000024c       0x1b c:/devkitPro/libnds/lib\libnds9.a(interruptDispatcher.o)
 .ARM.attributes
                0x00000267       0x21 c:/devkitPro/libnds/lib\libnds9.a(swiSoftReset.o)
 .ARM.attributes
                0x00000288       0x14 c:/devkitPro/libnds/lib\libnds9.a(default_font.bin.o)
 .ARM.attributes
                0x0000029c       0x27 c:/devkitPro/libnds/lib\libnds9.a(system.o)
 .ARM.attributes
                0x000002c3       0x27 c:/devkitPro/libnds/lib\libnds9.a(video.o)
 .ARM.attributes
                0x000002ea       0x18 c:/devkitpro/devkitarm/bin/../lib/gcc/arm-none-eabi/4.8.2\libgcc.a(_divsi3.o)
 .ARM.attributes
                0x00000302       0x18 c:/devkitpro/devkitarm/bin/../lib/gcc/arm-none-eabi/4.8.2\libgcc.a(_dvmd_tls.o)
 .ARM.attributes
                0x0000031a       0x30 c:/devkitpro/devkitarm/bin/../lib/gcc/arm-none-eabi/4.8.2/../../../../arm-none-eabi/lib\libg.a(lib_a-bsearch.o)
 .ARM.attributes
                0x0000034a       0x30 c:/devkitpro/devkitarm/bin/../lib/gcc/arm-none-eabi/4.8.2/../../../../arm-none-eabi/lib\libg.a(lib_a-impure.o)
 .ARM.attributes
                0x0000037a       0x30 c:/devkitpro/devkitarm/bin/../lib/gcc/arm-none-eabi/4.8.2/../../../../arm-none-eabi/lib\libg.a(lib_a-init.o)
 .ARM.attributes
                0x000003aa       0x30 c:/devkitpro/devkitarm/bin/../lib/gcc/arm-none-eabi/4.8.2/../../../../arm-none-eabi/lib\libg.a(lib_a-iprintf.o)
 .ARM.attributes
                0x000003da       0x30 c:/devkitpro/devkitarm/bin/../lib/gcc/arm-none-eabi/4.8.2/../../../../arm-none-eabi/lib\libg.a(lib_a-memcpy-stub.o)
 .ARM.attributes
                0x0000040a       0x30 c:/devkitpro/devkitarm/bin/../lib/gcc/arm-none-eabi/4.8.2/../../../../arm-none-eabi/lib\libg.a(lib_a-memset.o)
 .ARM.attributes
                0x0000043a       0x30 c:/devkitpro/devkitarm/bin/../lib/gcc/arm-none-eabi/4.8.2/../../../../arm-none-eabi/lib\libg.a(lib_a-setvbuf.o)
 .ARM.attributes
                0x0000046a       0x30 c:/devkitpro/devkitarm/bin/../lib/gcc/arm-none-eabi/4.8.2/../../../../arm-none-eabi/lib\libg.a(lib_a-siscanf.o)
 .ARM.attributes
                0x0000049a       0x30 c:/devkitpro/devkitarm/bin/../lib/gcc/arm-none-eabi/4.8.2/../../../../arm-none-eabi/lib\libg.a(lib_a-stdio.o)
 .ARM.attributes
                0x000004ca       0x30 c:/devkitpro/devkitarm/bin/../lib/gcc/arm-none-eabi/4.8.2/../../../../arm-none-eabi/lib\libg.a(lib_a-strlen.o)
 .ARM.attributes
                0x000004fa       0x30 c:/devkitpro/devkitarm/bin/../lib/gcc/arm-none-eabi/4.8.2/../../../../arm-none-eabi/lib\libg.a(lib_a-svfiscanf.o)
 .ARM.attributes
                0x0000052a       0x30 c:/devkitpro/devkitarm/bin/../lib/gcc/arm-none-eabi/4.8.2/../../../../arm-none-eabi/lib\libg.a(lib_a-ungetc.o)
 .ARM.attributes
                0x0000055a       0x30 c:/devkitpro/devkitarm/bin/../lib/gcc/arm-none-eabi/4.8.2/../../../../arm-none-eabi/lib\libg.a(lib_a-vfiprintf.o)
 .ARM.attributes
                0x0000058a       0x30 c:/devkitpro/devkitarm/bin/../lib/gcc/arm-none-eabi/4.8.2/../../../../arm-none-eabi/lib\libg.a(lib_a-wcrtomb.o)
 .ARM.attributes
                0x000005ba       0x30 c:/devkitpro/devkitarm/bin/../lib/gcc/arm-none-eabi/4.8.2/../../../../arm-none-eabi/lib\libg.a(lib_a-wcsrtombs.o)
 .ARM.attributes
                0x000005ea       0x30 c:/devkitpro/devkitarm/bin/../lib/gcc/arm-none-eabi/4.8.2/../../../../arm-none-eabi/lib\libg.a(lib_a-wctomb_r.o)
 .ARM.attributes
                0x0000061a       0x30 c:/devkitpro/devkitarm/bin/../lib/gcc/arm-none-eabi/4.8.2/../../../../arm-none-eabi/lib\libg.a(lib_a-wsetup.o)
 .ARM.attributes
                0x0000064a       0x30 c:/devkitpro/devkitarm/bin/../lib/gcc/arm-none-eabi/4.8.2/../../../../arm-none-eabi/lib\libg.a(lib_a-ctype_.o)
 .ARM.attributes
                0x0000067a       0x30 c:/devkitpro/devkitarm/bin/../lib/gcc/arm-none-eabi/4.8.2/../../../../arm-none-eabi/lib\libg.a(lib_a-fflush.o)
 .ARM.attributes
                0x000006aa       0x30 c:/devkitpro/devkitarm/bin/../lib/gcc/arm-none-eabi/4.8.2/../../../../arm-none-eabi/lib\libg.a(lib_a-findfp.o)
 .ARM.attributes
                0x000006da       0x30 c:/devkitpro/devkitarm/bin/../lib/gcc/arm-none-eabi/4.8.2/../../../../arm-none-eabi/lib\libg.a(lib_a-fputwc.o)
 .ARM.attributes
                0x0000070a       0x30 c:/devkitpro/devkitarm/bin/../lib/gcc/arm-none-eabi/4.8.2/../../../../arm-none-eabi/lib\libg.a(lib_a-freer.o)
 .ARM.attributes
                0x0000073a       0x30 c:/devkitpro/devkitarm/bin/../lib/gcc/arm-none-eabi/4.8.2/../../../../arm-none-eabi/lib\libg.a(lib_a-fvwrite.o)
 .ARM.attributes
                0x0000076a       0x30 c:/devkitpro/devkitarm/bin/../lib/gcc/arm-none-eabi/4.8.2/../../../../arm-none-eabi/lib\libg.a(lib_a-fwalk.o)
 .ARM.attributes
                0x0000079a       0x30 c:/devkitpro/devkitarm/bin/../lib/gcc/arm-none-eabi/4.8.2/../../../../arm-none-eabi/lib\libg.a(lib_a-iswspace.o)
 .ARM.attributes
                0x000007ca       0x30 c:/devkitpro/devkitarm/bin/../lib/gcc/arm-none-eabi/4.8.2/../../../../arm-none-eabi/lib\libg.a(lib_a-jp2uc.o)
 .ARM.attributes
                0x000007fa       0x30 c:/devkitpro/devkitarm/bin/../lib/gcc/arm-none-eabi/4.8.2/../../../../arm-none-eabi/lib\libg.a(lib_a-locale.o)
 .ARM.attributes
                0x0000082a       0x30 c:/devkitpro/devkitarm/bin/../lib/gcc/arm-none-eabi/4.8.2/../../../../arm-none-eabi/lib\libg.a(lib_a-makebuf.o)
 .ARM.attributes
                0x0000085a       0x30 c:/devkitpro/devkitarm/bin/../lib/gcc/arm-none-eabi/4.8.2/../../../../arm-none-eabi/lib\libg.a(lib_a-malloc.o)
 .ARM.attributes
                0x0000088a       0x30 c:/devkitpro/devkitarm/bin/../lib/gcc/arm-none-eabi/4.8.2/../../../../arm-none-eabi/lib\libg.a(lib_a-mallocr.o)
 .ARM.attributes
                0x000008ba       0x30 c:/devkitpro/devkitarm/bin/../lib/gcc/arm-none-eabi/4.8.2/../../../../arm-none-eabi/lib\libg.a(lib_a-mbrtowc.o)
 .ARM.attributes
                0x000008ea       0x30 c:/devkitpro/devkitarm/bin/../lib/gcc/arm-none-eabi/4.8.2/../../../../arm-none-eabi/lib\libg.a(lib_a-mbtowc_r.o)
 .ARM.attributes
                0x0000091a       0x30 c:/devkitpro/devkitarm/bin/../lib/gcc/arm-none-eabi/4.8.2/../../../../arm-none-eabi/lib\libg.a(lib_a-memchr-stub.o)
 .ARM.attributes
                0x0000094a       0x30 c:/devkitpro/devkitarm/bin/../lib/gcc/arm-none-eabi/4.8.2/../../../../arm-none-eabi/lib\libg.a(lib_a-memmove.o)
 .ARM.attributes
                0x0000097a       0x30 c:/devkitpro/devkitarm/bin/../lib/gcc/arm-none-eabi/4.8.2/../../../../arm-none-eabi/lib\libg.a(lib_a-mlock.o)
 .ARM.attributes
                0x000009aa       0x30 c:/devkitpro/devkitarm/bin/../lib/gcc/arm-none-eabi/4.8.2/../../../../arm-none-eabi/lib\libg.a(lib_a-reallocr.o)
 .ARM.attributes
                0x000009da       0x30 c:/devkitpro/devkitarm/bin/../lib/gcc/arm-none-eabi/4.8.2/../../../../arm-none-eabi/lib\libg.a(lib_a-sccl.o)
 .ARM.attributes
                0x00000a0a       0x30 c:/devkitpro/devkitarm/bin/../lib/gcc/arm-none-eabi/4.8.2/../../../../arm-none-eabi/lib\libg.a(lib_a-strcasecmp.o)
 .ARM.attributes
                0x00000a3a       0x30 c:/devkitpro/devkitarm/bin/../lib/gcc/arm-none-eabi/4.8.2/../../../../arm-none-eabi/lib\libg.a(lib_a-strcat.o)
 .ARM.attributes
                0x00000a6a       0x30 c:/devkitpro/devkitarm/bin/../lib/gcc/arm-none-eabi/4.8.2/../../../../arm-none-eabi/lib\libg.a(lib_a-strchr.o)
 .ARM.attributes
                0x00000a9a       0x16 c:/devkitpro/devkitarm/bin/../lib/gcc/arm-none-eabi/4.8.2/../../../../arm-none-eabi/lib\libg.a(lib_a-strcmp.o)
 .ARM.attributes
                0x00000ab0       0x30 c:/devkitpro/devkitarm/bin/../lib/gcc/arm-none-eabi/4.8.2/../../../../arm-none-eabi/lib\libg.a(lib_a-strcpy.o)
 .ARM.attributes
                0x00000ae0       0x30 c:/devkitpro/devkitarm/bin/../lib/gcc/arm-none-eabi/4.8.2/../../../../arm-none-eabi/lib\libg.a(lib_a-strlcpy.o)
 .ARM.attributes
                0x00000b10       0x30 c:/devkitpro/devkitarm/bin/../lib/gcc/arm-none-eabi/4.8.2/../../../../arm-none-eabi/lib\libg.a(lib_a-strncasecmp.o)
 .ARM.attributes
                0x00000b40       0x30 c:/devkitpro/devkitarm/bin/../lib/gcc/arm-none-eabi/4.8.2/../../../../arm-none-eabi/lib\libg.a(lib_a-strncmp.o)
 .ARM.attributes
                0x00000b70       0x30 c:/devkitpro/devkitarm/bin/../lib/gcc/arm-none-eabi/4.8.2/../../../../arm-none-eabi/lib\libg.a(lib_a-strncpy.o)
 .ARM.attributes
                0x00000ba0       0x30 c:/devkitpro/devkitarm/bin/../lib/gcc/arm-none-eabi/4.8.2/../../../../arm-none-eabi/lib\libg.a(lib_a-strtoll_r.o)
 .ARM.attributes
                0x00000bd0       0x30 c:/devkitpro/devkitarm/bin/../lib/gcc/arm-none-eabi/4.8.2/../../../../arm-none-eabi/lib\libg.a(lib_a-strtol.o)
 .ARM.attributes
                0x00000c00       0x30 c:/devkitpro/devkitarm/bin/../lib/gcc/arm-none-eabi/4.8.2/../../../../arm-none-eabi/lib\libg.a(lib_a-strtoull_r.o)
 .ARM.attributes
                0x00000c30       0x30 c:/devkitpro/devkitarm/bin/../lib/gcc/arm-none-eabi/4.8.2/../../../../arm-none-eabi/lib\libg.a(lib_a-strtoul.o)
 .ARM.attributes
                0x00000c60       0x30 c:/devkitpro/devkitarm/bin/../lib/gcc/arm-none-eabi/4.8.2/../../../../arm-none-eabi/lib\libg.a(lib_a-wbuf.o)
 .ARM.attributes
                0x00000c90       0x30 c:/devkitpro/devkitarm/bin/../lib/gcc/arm-none-eabi/4.8.2/../../../../arm-none-eabi/lib\libg.a(lib_a-wcsnrtombs.o)
 .ARM.attributes
                0x00000cc0       0x30 c:/devkitpro/devkitarm/bin/../lib/gcc/arm-none-eabi/4.8.2/../../../../arm-none-eabi/lib\libg.a(lib_a-fclose.o)
 .ARM.attributes
                0x00000cf0       0x30 c:/devkitpro/devkitarm/bin/../lib/gcc/arm-none-eabi/4.8.2/../../../../arm-none-eabi/lib\libg.a(lib_a-getenv_r.o)
 .ARM.attributes
                0x00000d20       0x30 c:/devkitpro/devkitarm/bin/../lib/gcc/arm-none-eabi/4.8.2/../../../../arm-none-eabi/lib\libg.a(lib_a-environ.o)
 .ARM.attributes
                0x00000d50       0x30 c:/devkitpro/devkitarm/bin/../lib/gcc/arm-none-eabi/4.8.2/../../../../arm-none-eabi/lib\libg.a(lib_a-envlock.o)
 .ARM.attributes
                0x00000d80       0x30 c:/devkitpro/devkitarm/bin/../lib/gcc/arm-none-eabi/4.8.2/../../../../arm-none-eabi/lib\libsysbase.a(iosupport.o)
 .ARM.attributes
                0x00000db0       0x30 c:/devkitpro/devkitarm/bin/../lib/gcc/arm-none-eabi/4.8.2/../../../../arm-none-eabi/lib\libsysbase.a(close.o)
 .ARM.attributes